
> test@0.1.0 build
> next build

node.exe : Browserslist: 
caniuse-lite is outdated. 
Please run:
At line:1 char:1
+ & "C:\Program 
Files\nodejs/node.exe" 
"C:\Program 
Files\nodejs/node_mo ...
+ ~~~~~~~~~~~~~~~~~~~~~~~~~~~~
~~~~~~~~~~~~~~~~~~~~~~~~~~~~~~
~~~~~~~~~~~
    + CategoryInfo          : 
    NotSpecified: (Browsersl  
  ist: c...ed. Please run::   
 String) [], RemoteExcepti    
on
    + FullyQualifiedErrorId : 
    NativeCommandError
 
  npx 
update-browserslist-db@latest
  Why you should do it 
regularly: https://github.com/
browserslist/update-db#readme
  Γû▓ Next.js 14.2.3

   Creating an optimized production build ...
Browserslist: caniuse-lite is 
outdated. Please run:
  npx 
update-browserslist-db@latest
  Why you should do it 
regularly: https://github.com/
browserslist/update-db#readme
 ΓÜá Compiled with warnings

./components/Ecommerce/ui/Tech
Tools.jsx
Attempted import error: 
'SiAmazonaws' is not exported 
from '__barrel_optimize__?name
s=SiAmazonaws,SiAngular,SiBigc
ommerce,SiDigitalocean,SiDjang
o,SiExpress,SiFirebase,SiFlutt
er,SiGooglecloud,SiKotlin,SiLa
ravel,SiMicrosoftazure,SiNextd
otjs,SiNodedotjs,SiReact,SiRub
yonrails,SiShopify,SiSquarespa
ce,SiSwift,SiVuedotjs,SiWebflo
w,SiWordpress!=!react-icons/si
' (imported as 'SiAmazonaws').

Import trace for requested 
module:
./components/Ecommerce/ui/Tech
Tools.jsx

./components/Ecommerce/ui/Tech
Tools.jsx
Attempted import error: 
'SiMicrosoftazure' is not 
exported from '__barrel_optimi
ze__?names=SiAmazonaws,SiAngul
ar,SiBigcommerce,SiDigitalocea
n,SiDjango,SiExpress,SiFirebas
e,SiFlutter,SiGooglecloud,SiKo
tlin,SiLaravel,SiMicrosoftazur
e,SiNextdotjs,SiNodedotjs,SiRe
act,SiRubyonrails,SiShopify,Si
Squarespace,SiSwift,SiVuedotjs
,SiWebflow,SiWordpress!=!react
-icons/si' (imported as 
'SiMicrosoftazure').

Import trace for requested 
module:
./components/Ecommerce/ui/Tech
Tools.jsx

./components/Technologies/ui/T
echTools.jsx
Attempted import error: 
'SiAzure' is not exported 
from '__barrel_optimize__?name
s=SiAngular,SiAzure,SiBigcomme
rce,SiDigitalocean,SiDjango,Si
Express,SiFirebase,SiFlutter,S
iGooglecloud,SiKotlin,SiLarave
l,SiNextdotjs,SiNodedotjs,SiRe
act,SiRubyonrails,SiShopify,Si
Squarespace,SiSwift,SiVuedotjs
,SiWebflow,SiWordpress!=!react
-icons/si' (imported as 
'SiAzure').

Import trace for requested 
module:
./components/Technologies/ui/T
echTools.jsx

Browserslist: caniuse-lite is 
outdated. Please run:
  npx 
update-browserslist-db@latest
  Why you should do it 
regularly: https://github.com/
browserslist/update-db#readme
Browserslist: caniuse-lite is 
outdated. Please run:
  npx 
update-browserslist-db@latest
  Why you should do it 
regularly: https://github.com/
browserslist/update-db#readme
Browserslist: caniuse-lite is 
outdated. Please run:
  npx 
update-browserslist-db@latest
  Why you should do it 
regularly: https://github.com/
browserslist/update-db#readme
 ΓÜá Compiled with warnings

./components/Ecommerce/ui/Tech
Tools.jsx
Attempted import error: 
'SiAmazonaws' is not exported 
from '__barrel_optimize__?name
s=SiAmazonaws,SiAngular,SiBigc
ommerce,SiDigitalocean,SiDjang
o,SiExpress,SiFirebase,SiFlutt
er,SiGooglecloud,SiKotlin,SiLa
ravel,SiMicrosoftazure,SiNextd
otjs,SiNodedotjs,SiReact,SiRub
yonrails,SiShopify,SiSquarespa
ce,SiSwift,SiVuedotjs,SiWebflo
w,SiWordpress!=!react-icons/si
' (imported as 'SiAmazonaws').

Import trace for requested 
module:
./components/Ecommerce/ui/Tech
Tools.jsx

./components/Ecommerce/ui/Tech
Tools.jsx
Attempted import error: 
'SiMicrosoftazure' is not 
exported from '__barrel_optimi
ze__?names=SiAmazonaws,SiAngul
ar,SiBigcommerce,SiDigitalocea
n,SiDjango,SiExpress,SiFirebas
e,SiFlutter,SiGooglecloud,SiKo
tlin,SiLaravel,SiMicrosoftazur
e,SiNextdotjs,SiNodedotjs,SiRe
act,SiRubyonrails,SiShopify,Si
Squarespace,SiSwift,SiVuedotjs
,SiWebflow,SiWordpress!=!react
-icons/si' (imported as 
'SiMicrosoftazure').

Import trace for requested 
module:
./components/Ecommerce/ui/Tech
Tools.jsx

./components/Technologies/ui/T
echTools.jsx
Attempted import error: 
'SiAzure' is not exported 
from '__barrel_optimize__?name
s=SiAngular,SiAzure,SiBigcomme
rce,SiDigitalocean,SiDjango,Si
Express,SiFirebase,SiFlutter,S
iGooglecloud,SiKotlin,SiLarave
l,SiNextdotjs,SiNodedotjs,SiRe
act,SiRubyonrails,SiShopify,Si
Squarespace,SiSwift,SiVuedotjs
,SiWebflow,SiWordpress!=!react
-icons/si' (imported as 
'SiAzure').

Import trace for requested 
module:
./components/Technologies/ui/T
echTools.jsx

 Γ£ô Compiled successfully
   Linting and checking validity of types ...
   Collecting page data ...
   Generating static pages (0/70) ...
pathname >>  /case-studies/mymedicaljournal
pathname >>  /_not-found
pathname >>  /case-studies/carter-boating
pathname >>  /cookie-policy
pathname >>  /case-studies/nykn
pathname >>  /lp-thank-you
pathname >>  /case-studies/maidsimpl
pathname >>  /lp/contact-us
pathname >>  /lp/ios-app-development
pathname >>  /lp/android-app-development
Error: Image with src 
"/ppc_border.webp" is missing 
"loader" prop.
Read more: https://nextjs.org/
docs/messages/next-image-missi
ng-loader
    at s (C:\Users\HuzaifaTanv
eer\Desktop\all-projects\ds-we
b\.next\server\chunks\3572.js:
12:5252)
    at C:\Users\HuzaifaTanveer
\Desktop\all-projects\ds-web\.
next\server\chunks\3572.js:11:
92816
    at nj (C:\Users\HuzaifaTan
veer\Desktop\all-projects\ds-w
eb\node_modules\next\dist\comp
iled\next-server\app-page.runt
ime.prod.js:12:46251)
    at nM (C:\Users\HuzaifaTan
veer\Desktop\all-projects\ds-w
eb\node_modules\next\dist\comp
iled\next-server\app-page.runt
ime.prod.js:12:60839)
    at nN (C:\Users\HuzaifaTan
veer\Desktop\all-projects\ds-w
eb\node_modules\next\dist\comp
iled\next-server\app-page.runt
ime.prod.js:12:64546)
    at nB (C:\Users\HuzaifaTan
veer\Desktop\all-projects\ds-w
eb\node_modules\next\dist\comp
iled\next-server\app-page.runt
ime.prod.js:12:67538)
    at nD (C:\Users\HuzaifaTan
veer\Desktop\all-projects\ds-w
eb\node_modules\next\dist\comp
iled\next-server\app-page.runt
ime.prod.js:12:66680)
    at nN (C:\Users\HuzaifaTan
veer\Desktop\all-projects\ds-w
eb\node_modules\next\dist\comp
iled\next-server\app-page.runt
ime.prod.js:12:64853)
    at nB (C:\Users\HuzaifaTan
veer\Desktop\all-projects\ds-w
eb\node_modules\next\dist\comp
iled\next-server\app-page.runt
ime.prod.js:12:67538)
    at nM (C:\Users\HuzaifaTan
veer\Desktop\all-projects\ds-w
eb\node_modules\next\dist\comp
iled\next-server\app-page.runt
ime.prod.js:12:58560) {
  digest: '2257119397'
}

Error occurred prerendering 
page "/lp2/mobile-app-developm
ent". Read more: https://nextj
s.org/docs/messages/prerender-
error

Error: Image with src 
"/ppc_border.webp" is missing 
"loader" prop.
Read more: https://nextjs.org/
docs/messages/next-image-missi
ng-loader
    at s (C:\Users\HuzaifaTanv
eer\Desktop\all-projects\ds-we
b\.next\server\chunks\3572.js:
12:5252)
    at C:\Users\HuzaifaTanveer
\Desktop\all-projects\ds-web\.
next\server\chunks\3572.js:11:
92816
    at nj (C:\Users\HuzaifaTan
veer\Desktop\all-projects\ds-w
eb\node_modules\next\dist\comp
iled\next-server\app-page.runt
ime.prod.js:12:46251)
    at nM (C:\Users\HuzaifaTan
veer\Desktop\all-projects\ds-w
eb\node_modules\next\dist\comp
iled\next-server\app-page.runt
ime.prod.js:12:60839)
    at nN (C:\Users\HuzaifaTan
veer\Desktop\all-projects\ds-w
eb\node_modules\next\dist\comp
iled\next-server\app-page.runt
ime.prod.js:12:64546)
    at nB (C:\Users\HuzaifaTan
veer\Desktop\all-projects\ds-w
eb\node_modules\next\dist\comp
iled\next-server\app-page.runt
ime.prod.js:12:67538)
    at nD (C:\Users\HuzaifaTan
veer\Desktop\all-projects\ds-w
eb\node_modules\next\dist\comp
iled\next-server\app-page.runt
ime.prod.js:12:66680)
    at nN (C:\Users\HuzaifaTan
veer\Desktop\all-projects\ds-w
eb\node_modules\next\dist\comp
iled\next-server\app-page.runt
ime.prod.js:12:64853)
    at nB (C:\Users\HuzaifaTan
veer\Desktop\all-projects\ds-w
eb\node_modules\next\dist\comp
iled\next-server\app-page.runt
ime.prod.js:12:67538)
    at nM (C:\Users\HuzaifaTan
veer\Desktop\all-projects\ds-w
eb\node_modules\next\dist\comp
iled\next-server\app-page.runt
ime.prod.js:12:58560)
pathname >>  /lp/mobile-app-development-old-ppc
icons >>  /mobile-app-dev-dark.png
icons >>  /mobile-app-design-light.png
icons >>  /mobile-app-consultation-dark.png
icons >>  /mobile-app-prtotyping-white.png
icons >>  /mobile-app-maintenance-white.png
icons >>  /mobile-app-integration-white.png
pathname >>  /lp/mobile-app-development-old-ppc
pathname >>  /lp/web-app-development
pathname >>  /lp/web-app-development
pathname >>  /thank-you
   Generating static pages (17/70) 
pathname >>  /case-studies/bioyap
Error: Image with src 
"/ppc_border.webp" is missing 
"loader" prop.
Read more: https://nextjs.org/
docs/messages/next-image-missi
ng-loader
    at s (C:\Users\HuzaifaTanv
eer\Desktop\all-projects\ds-we
b\.next\server\chunks\3572.js:
12:5252)
    at C:\Users\HuzaifaTanveer
\Desktop\all-projects\ds-web\.
next\server\chunks\3572.js:11:
92816
    at nj (C:\Users\HuzaifaTan
veer\Desktop\all-projects\ds-w
eb\node_modules\next\dist\comp
iled\next-server\app-page.runt
ime.prod.js:12:46251)
    at nM (C:\Users\HuzaifaTan
veer\Desktop\all-projects\ds-w
eb\node_modules\next\dist\comp
iled\next-server\app-page.runt
ime.prod.js:12:60839)
    at nN (C:\Users\HuzaifaTan
veer\Desktop\all-projects\ds-w
eb\node_modules\next\dist\comp
iled\next-server\app-page.runt
ime.prod.js:12:64546)
    at nB (C:\Users\HuzaifaTan
veer\Desktop\all-projects\ds-w
eb\node_modules\next\dist\comp
iled\next-server\app-page.runt
ime.prod.js:12:67538)
    at nD (C:\Users\HuzaifaTan
veer\Desktop\all-projects\ds-w
eb\node_modules\next\dist\comp
iled\next-server\app-page.runt
ime.prod.js:12:66680)
    at nN (C:\Users\HuzaifaTan
veer\Desktop\all-projects\ds-w
eb\node_modules\next\dist\comp
iled\next-server\app-page.runt
ime.prod.js:12:64853)
    at nB (C:\Users\HuzaifaTan
veer\Desktop\all-projects\ds-w
eb\node_modules\next\dist\comp
iled\next-server\app-page.runt
ime.prod.js:12:67538)
    at nM (C:\Users\HuzaifaTan
veer\Desktop\all-projects\ds-w
eb\node_modules\next\dist\comp
iled\next-server\app-page.runt
ime.prod.js:12:58560) {
  digest: '2257119397'
}

Error occurred prerendering 
page 
"/lp/mobile-app-development". 
Read more: https://nextjs.org/
docs/messages/prerender-error

Error: Image with src 
"/ppc_border.webp" is missing 
"loader" prop.
Read more: https://nextjs.org/
docs/messages/next-image-missi
ng-loader
    at s (C:\Users\HuzaifaTanv
eer\Desktop\all-projects\ds-we
b\.next\server\chunks\3572.js:
12:5252)
    at C:\Users\HuzaifaTanveer
\Desktop\all-projects\ds-web\.
next\server\chunks\3572.js:11:
92816
    at nj (C:\Users\HuzaifaTan
veer\Desktop\all-projects\ds-w
eb\node_modules\next\dist\comp
iled\next-server\app-page.runt
ime.prod.js:12:46251)
    at nM (C:\Users\HuzaifaTan
veer\Desktop\all-projects\ds-w
eb\node_modules\next\dist\comp
iled\next-server\app-page.runt
ime.prod.js:12:60839)
    at nN (C:\Users\HuzaifaTan
veer\Desktop\all-projects\ds-w
eb\node_modules\next\dist\comp
iled\next-server\app-page.runt
ime.prod.js:12:64546)
    at nB (C:\Users\HuzaifaTan
veer\Desktop\all-projects\ds-w
eb\node_modules\next\dist\comp
iled\next-server\app-page.runt
ime.prod.js:12:67538)
    at nD (C:\Users\HuzaifaTan
veer\Desktop\all-projects\ds-w
eb\node_modules\next\dist\comp
iled\next-server\app-page.runt
ime.prod.js:12:66680)
    at nN (C:\Users\HuzaifaTan
veer\Desktop\all-projects\ds-w
eb\node_modules\next\dist\comp
iled\next-server\app-page.runt
ime.prod.js:12:64853)
    at nB (C:\Users\HuzaifaTan
veer\Desktop\all-projects\ds-w
eb\node_modules\next\dist\comp
iled\next-server\app-page.runt
ime.prod.js:12:67538)
    at nM (C:\Users\HuzaifaTan
veer\Desktop\all-projects\ds-w
eb\node_modules\next\dist\comp
iled\next-server\app-page.runt
ime.prod.js:12:58560)
pathname >>  /case-studies/crew-roomz
pathname >>  /about-us
pathname >>  /case-studies/harmonious-learning
pathname >>  /case-studies/games-4-fun
pathname >>  /case-studies
pathname >>  /case-studies/home-hero
pathname >>  /contact-us
pathname >>  /locations/mobile-app-development-boston
Error: Image with src "/servic
es/mobile-app/grad.webp" is 
missing "loader" prop.
Read more: https://nextjs.org/
docs/messages/next-image-missi
ng-loader
    at s (C:\Users\HuzaifaTanv
eer\Desktop\all-projects\ds-we
b\.next\server\chunks\3572.js:
12:5252)
    at C:\Users\HuzaifaTanveer
\Desktop\all-projects\ds-web\.
next\server\chunks\3572.js:11:
92816
    at nj (C:\Users\HuzaifaTan
veer\Desktop\all-projects\ds-w
eb\node_modules\next\dist\comp
iled\next-server\app-page.runt
ime.prod.js:12:46251)
    at nM (C:\Users\HuzaifaTan
veer\Desktop\all-projects\ds-w
eb\node_modules\next\dist\comp
iled\next-server\app-page.runt
ime.prod.js:12:60839)
    at nN (C:\Users\HuzaifaTan
veer\Desktop\all-projects\ds-w
eb\node_modules\next\dist\comp
iled\next-server\app-page.runt
ime.prod.js:12:64546)
    at nB (C:\Users\HuzaifaTan
veer\Desktop\all-projects\ds-w
eb\node_modules\next\dist\comp
iled\next-server\app-page.runt
ime.prod.js:12:67538)
    at nD (C:\Users\HuzaifaTan
veer\Desktop\all-projects\ds-w
eb\node_modules\next\dist\comp
iled\next-server\app-page.runt
ime.prod.js:12:66680)
    at nN (C:\Users\HuzaifaTan
veer\Desktop\all-projects\ds-w
eb\node_modules\next\dist\comp
iled\next-server\app-page.runt
ime.prod.js:12:64853)
    at nB (C:\Users\HuzaifaTan
veer\Desktop\all-projects\ds-w
eb\node_modules\next\dist\comp
iled\next-server\app-page.runt
ime.prod.js:12:67538)
    at nM (C:\Users\HuzaifaTan
veer\Desktop\all-projects\ds-w
eb\node_modules\next\dist\comp
iled\next-server\app-page.runt
ime.prod.js:12:58560) {
  digest: '2453386341'
}

Error occurred prerendering 
page "/services/top-mobile-app
-development". Read more: http
s://nextjs.org/docs/messages/p
rerender-error

Error: Image with src "/servic
es/mobile-app/grad.webp" is 
missing "loader" prop.
Read more: https://nextjs.org/
docs/messages/next-image-missi
ng-loader
    at s (C:\Users\HuzaifaTanv
eer\Desktop\all-projects\ds-we
b\.next\server\chunks\3572.js:
12:5252)
    at C:\Users\HuzaifaTanveer
\Desktop\all-projects\ds-web\.
next\server\chunks\3572.js:11:
92816
    at nj (C:\Users\HuzaifaTan
veer\Desktop\all-projects\ds-w
eb\node_modules\next\dist\comp
iled\next-server\app-page.runt
ime.prod.js:12:46251)
    at nM (C:\Users\HuzaifaTan
veer\Desktop\all-projects\ds-w
eb\node_modules\next\dist\comp
iled\next-server\app-page.runt
ime.prod.js:12:60839)
    at nN (C:\Users\HuzaifaTan
veer\Desktop\all-projects\ds-w
eb\node_modules\next\dist\comp
iled\next-server\app-page.runt
ime.prod.js:12:64546)
    at nB (C:\Users\HuzaifaTan
veer\Desktop\all-projects\ds-w
eb\node_modules\next\dist\comp
iled\next-server\app-page.runt
ime.prod.js:12:67538)
    at nD (C:\Users\HuzaifaTan
veer\Desktop\all-projects\ds-w
eb\node_modules\next\dist\comp
iled\next-server\app-page.runt
ime.prod.js:12:66680)
    at nN (C:\Users\HuzaifaTan
veer\Desktop\all-projects\ds-w
eb\node_modules\next\dist\comp
iled\next-server\app-page.runt
ime.prod.js:12:64853)
    at nB (C:\Users\HuzaifaTan
veer\Desktop\all-projects\ds-w
eb\node_modules\next\dist\comp
iled\next-server\app-page.runt
ime.prod.js:12:67538)
    at nM (C:\Users\HuzaifaTan
veer\Desktop\all-projects\ds-w
eb\node_modules\next\dist\comp
iled\next-server\app-page.runt
ime.prod.js:12:58560)
pathname >>  /ecommerce/ecommerce-app-development
pathname >>  /locations/mobile-app-development-california
Error: Image with src "/ecomme
rce/ecommerce-app/grad.png" 
is missing "loader" prop.
Read more: https://nextjs.org/
docs/messages/next-image-missi
ng-loader
    at s (C:\Users\HuzaifaTanv
eer\Desktop\all-projects\ds-we
b\.next\server\chunks\3572.js:
12:5252)
    at C:\Users\HuzaifaTanveer
\Desktop\all-projects\ds-web\.
next\server\chunks\3572.js:11:
92816
    at nj (C:\Users\HuzaifaTan
veer\Desktop\all-projects\ds-w
eb\node_modules\next\dist\comp
iled\next-server\app-page.runt
ime.prod.js:12:46251)
    at nM (C:\Users\HuzaifaTan
veer\Desktop\all-projects\ds-w
eb\node_modules\next\dist\comp
iled\next-server\app-page.runt
ime.prod.js:12:60839)
    at nN (C:\Users\HuzaifaTan
veer\Desktop\all-projects\ds-w
eb\node_modules\next\dist\comp
iled\next-server\app-page.runt
ime.prod.js:12:64546)
    at nB (C:\Users\HuzaifaTan
veer\Desktop\all-projects\ds-w
eb\node_modules\next\dist\comp
iled\next-server\app-page.runt
ime.prod.js:12:67538)
    at nD (C:\Users\HuzaifaTan
veer\Desktop\all-projects\ds-w
eb\node_modules\next\dist\comp
iled\next-server\app-page.runt
ime.prod.js:12:66680)
    at nN (C:\Users\HuzaifaTan
veer\Desktop\all-projects\ds-w
eb\node_modules\next\dist\comp
iled\next-server\app-page.runt
ime.prod.js:12:64853)
    at nB (C:\Users\HuzaifaTan
veer\Desktop\all-projects\ds-w
eb\node_modules\next\dist\comp
iled\next-server\app-page.runt
ime.prod.js:12:67538)
    at nM (C:\Users\HuzaifaTan
veer\Desktop\all-projects\ds-w
eb\node_modules\next\dist\comp
iled\next-server\app-page.runt
ime.prod.js:12:58560) {
  digest: '374147397'
}

Error occurred prerendering 
page "/ecommerce/ecommerce-app
-development". Read more: http
s://nextjs.org/docs/messages/p
rerender-error

Error: Image with src "/ecomme
rce/ecommerce-app/grad.png" 
is missing "loader" prop.
Read more: https://nextjs.org/
docs/messages/next-image-missi
ng-loader
    at s (C:\Users\HuzaifaTanv
eer\Desktop\all-projects\ds-we
b\.next\server\chunks\3572.js:
12:5252)
    at C:\Users\HuzaifaTanveer
\Desktop\all-projects\ds-web\.
next\server\chunks\3572.js:11:
92816
    at nj (C:\Users\HuzaifaTan
veer\Desktop\all-projects\ds-w
eb\node_modules\next\dist\comp
iled\next-server\app-page.runt
ime.prod.js:12:46251)
    at nM (C:\Users\HuzaifaTan
veer\Desktop\all-projects\ds-w
eb\node_modules\next\dist\comp
iled\next-server\app-page.runt
ime.prod.js:12:60839)
    at nN (C:\Users\HuzaifaTan
veer\Desktop\all-projects\ds-w
eb\node_modules\next\dist\comp
iled\next-server\app-page.runt
ime.prod.js:12:64546)
    at nB (C:\Users\HuzaifaTan
veer\Desktop\all-projects\ds-w
eb\node_modules\next\dist\comp
iled\next-server\app-page.runt
ime.prod.js:12:67538)
    at nD (C:\Users\HuzaifaTan
veer\Desktop\all-projects\ds-w
eb\node_modules\next\dist\comp
iled\next-server\app-page.runt
ime.prod.js:12:66680)
    at nN (C:\Users\HuzaifaTan
veer\Desktop\all-projects\ds-w
eb\node_modules\next\dist\comp
iled\next-server\app-page.runt
ime.prod.js:12:64853)
    at nB (C:\Users\HuzaifaTan
veer\Desktop\all-projects\ds-w
eb\node_modules\next\dist\comp
iled\next-server\app-page.runt
ime.prod.js:12:67538)
    at nM (C:\Users\HuzaifaTan
veer\Desktop\all-projects\ds-w
eb\node_modules\next\dist\comp
iled\next-server\app-page.runt
ime.prod.js:12:58560)
pathname >>  /locations/mobile-app-development-chicago
Error: Image with src 
"/location/grad.webp" is 
missing "loader" prop.
Read more: https://nextjs.org/
docs/messages/next-image-missi
ng-loader
    at s (C:\Users\HuzaifaTanv
eer\Desktop\all-projects\ds-we
b\.next\server\chunks\3572.js:
12:5252)
    at C:\Users\HuzaifaTanveer
\Desktop\all-projects\ds-web\.
next\server\chunks\3572.js:11:
92816
    at nj (C:\Users\HuzaifaTan
veer\Desktop\all-projects\ds-w
eb\node_modules\next\dist\comp
iled\next-server\app-page.runt
ime.prod.js:12:46251)
    at nM (C:\Users\HuzaifaTan
veer\Desktop\all-projects\ds-w
eb\node_modules\next\dist\comp
iled\next-server\app-page.runt
ime.prod.js:12:60839)
    at nN (C:\Users\HuzaifaTan
veer\Desktop\all-projects\ds-w
eb\node_modules\next\dist\comp
iled\next-server\app-page.runt
ime.prod.js:12:64546)
    at nB (C:\Users\HuzaifaTan
veer\Desktop\all-projects\ds-w
eb\node_modules\next\dist\comp
iled\next-server\app-page.runt
ime.prod.js:12:67538)
    at nD (C:\Users\HuzaifaTan
veer\Desktop\all-projects\ds-w
eb\node_modules\next\dist\comp
iled\next-server\app-page.runt
ime.prod.js:12:66680)
    at nN (C:\Users\HuzaifaTan
veer\Desktop\all-projects\ds-w
eb\node_modules\next\dist\comp
iled\next-server\app-page.runt
ime.prod.js:12:64853)
    at nB (C:\Users\HuzaifaTan
veer\Desktop\all-projects\ds-w
eb\node_modules\next\dist\comp
iled\next-server\app-page.runt
ime.prod.js:12:67538)
    at nM (C:\Users\HuzaifaTan
veer\Desktop\all-projects\ds-w
eb\node_modules\next\dist\comp
iled\next-server\app-page.runt
ime.prod.js:12:58560) {
  digest: '3450753125'
}

Error occurred prerendering 
page "/locations/mobile-app-de
velopment-chicago". Read 
more: https://nextjs.org/docs/
messages/prerender-error

Error: Image with src 
"/location/grad.webp" is 
missing "loader" prop.
Read more: https://nextjs.org/
docs/messages/next-image-missi
ng-loader
    at s (C:\Users\HuzaifaTanv
eer\Desktop\all-projects\ds-we
b\.next\server\chunks\3572.js:
12:5252)
    at C:\Users\HuzaifaTanveer
\Desktop\all-projects\ds-web\.
next\server\chunks\3572.js:11:
92816
    at nj (C:\Users\HuzaifaTan
veer\Desktop\all-projects\ds-w
eb\node_modules\next\dist\comp
iled\next-server\app-page.runt
ime.prod.js:12:46251)
    at nM (C:\Users\HuzaifaTan
veer\Desktop\all-projects\ds-w
eb\node_modules\next\dist\comp
iled\next-server\app-page.runt
ime.prod.js:12:60839)
    at nN (C:\Users\HuzaifaTan
veer\Desktop\all-projects\ds-w
eb\node_modules\next\dist\comp
iled\next-server\app-page.runt
ime.prod.js:12:64546)
    at nB (C:\Users\HuzaifaTan
veer\Desktop\all-projects\ds-w
eb\node_modules\next\dist\comp
iled\next-server\app-page.runt
ime.prod.js:12:67538)
    at nD (C:\Users\HuzaifaTan
veer\Desktop\all-projects\ds-w
eb\node_modules\next\dist\comp
iled\next-server\app-page.runt
ime.prod.js:12:66680)
    at nN (C:\Users\HuzaifaTan
veer\Desktop\all-projects\ds-w
eb\node_modules\next\dist\comp
iled\next-server\app-page.runt
ime.prod.js:12:64853)
    at nB (C:\Users\HuzaifaTan
veer\Desktop\all-projects\ds-w
eb\node_modules\next\dist\comp
iled\next-server\app-page.runt
ime.prod.js:12:67538)
    at nM (C:\Users\HuzaifaTan
veer\Desktop\all-projects\ds-w
eb\node_modules\next\dist\comp
iled\next-server\app-page.runt
ime.prod.js:12:58560)
pathname >>  /locations/mobile-app-development-charlotte
pathname >>  /locations/mobile-app-development-miami
pathname >>  /locations/mobile-app-development-new-york
Error: Image with src 
"/location/grad.webp" is 
missing "loader" prop.
Read more: https://nextjs.org/
docs/messages/next-image-missi
ng-loader
    at s (C:\Users\HuzaifaTanv
eer\Desktop\all-projects\ds-we
b\.next\server\chunks\3572.js:
12:5252)
    at C:\Users\HuzaifaTanveer
\Desktop\all-projects\ds-web\.
next\server\chunks\3572.js:11:
92816
    at nj (C:\Users\HuzaifaTan
veer\Desktop\all-projects\ds-w
eb\node_modules\next\dist\comp
iled\next-server\app-page.runt
ime.prod.js:12:46251)
    at nM (C:\Users\HuzaifaTan
veer\Desktop\all-projects\ds-w
eb\node_modules\next\dist\comp
iled\next-server\app-page.runt
ime.prod.js:12:60839)
    at nN (C:\Users\HuzaifaTan
veer\Desktop\all-projects\ds-w
eb\node_modules\next\dist\comp
iled\next-server\app-page.runt
ime.prod.js:12:64546)
    at nB (C:\Users\HuzaifaTan
veer\Desktop\all-projects\ds-w
eb\node_modules\next\dist\comp
iled\next-server\app-page.runt
ime.prod.js:12:67538)
    at nD (C:\Users\HuzaifaTan
veer\Desktop\all-projects\ds-w
eb\node_modules\next\dist\comp
iled\next-server\app-page.runt
ime.prod.js:12:66680)
    at nN (C:\Users\HuzaifaTan
veer\Desktop\all-projects\ds-w
eb\node_modules\next\dist\comp
iled\next-server\app-page.runt
ime.prod.js:12:64853)
    at nB (C:\Users\HuzaifaTan
veer\Desktop\all-projects\ds-w
eb\node_modules\next\dist\comp
iled\next-server\app-page.runt
ime.prod.js:12:67538)
    at nM (C:\Users\HuzaifaTan
veer\Desktop\all-projects\ds-w
eb\node_modules\next\dist\comp
iled\next-server\app-page.runt
ime.prod.js:12:58560) {
  digest: '3450753125'
}

Error occurred prerendering 
page "/locations/mobile-app-de
velopment-miami". Read more: h
ttps://nextjs.org/docs/message
s/prerender-error

Error: Image with src 
"/location/grad.webp" is 
missing "loader" prop.
Read more: https://nextjs.org/
docs/messages/next-image-missi
ng-loader
    at s (C:\Users\HuzaifaTanv
eer\Desktop\all-projects\ds-we
b\.next\server\chunks\3572.js:
12:5252)
    at C:\Users\HuzaifaTanveer
\Desktop\all-projects\ds-web\.
next\server\chunks\3572.js:11:
92816
    at nj (C:\Users\HuzaifaTan
veer\Desktop\all-projects\ds-w
eb\node_modules\next\dist\comp
iled\next-server\app-page.runt
ime.prod.js:12:46251)
    at nM (C:\Users\HuzaifaTan
veer\Desktop\all-projects\ds-w
eb\node_modules\next\dist\comp
iled\next-server\app-page.runt
ime.prod.js:12:60839)
    at nN (C:\Users\HuzaifaTan
veer\Desktop\all-projects\ds-w
eb\node_modules\next\dist\comp
iled\next-server\app-page.runt
ime.prod.js:12:64546)
    at nB (C:\Users\HuzaifaTan
veer\Desktop\all-projects\ds-w
eb\node_modules\next\dist\comp
iled\next-server\app-page.runt
ime.prod.js:12:67538)
    at nD (C:\Users\HuzaifaTan
veer\Desktop\all-projects\ds-w
eb\node_modules\next\dist\comp
iled\next-server\app-page.runt
ime.prod.js:12:66680)
    at nN (C:\Users\HuzaifaTan
veer\Desktop\all-projects\ds-w
eb\node_modules\next\dist\comp
iled\next-server\app-page.runt
ime.prod.js:12:64853)
    at nB (C:\Users\HuzaifaTan
veer\Desktop\all-projects\ds-w
eb\node_modules\next\dist\comp
iled\next-server\app-page.runt
ime.prod.js:12:67538)
    at nM (C:\Users\HuzaifaTan
veer\Desktop\all-projects\ds-w
eb\node_modules\next\dist\comp
iled\next-server\app-page.runt
ime.prod.js:12:58560)
   Generating static pages (34/70) 
pathname >>  /case-studies/wing
pathname >>  /locations/mobile-app-development-seattle
Error: Image with src 
"/location/grad.webp" is 
missing "loader" prop.
Read more: https://nextjs.org/
docs/messages/next-image-missi
ng-loader
    at s (C:\Users\HuzaifaTanv
eer\Desktop\all-projects\ds-we
b\.next\server\chunks\3572.js:
12:5252)
    at C:\Users\HuzaifaTanveer
\Desktop\all-projects\ds-web\.
next\server\chunks\3572.js:11:
92816
    at nj (C:\Users\HuzaifaTan
veer\Desktop\all-projects\ds-w
eb\node_modules\next\dist\comp
iled\next-server\app-page.runt
ime.prod.js:12:46251)
    at nM (C:\Users\HuzaifaTan
veer\Desktop\all-projects\ds-w
eb\node_modules\next\dist\comp
iled\next-server\app-page.runt
ime.prod.js:12:60839)
    at nN (C:\Users\HuzaifaTan
veer\Desktop\all-projects\ds-w
eb\node_modules\next\dist\comp
iled\next-server\app-page.runt
ime.prod.js:12:64546)
    at nB (C:\Users\HuzaifaTan
veer\Desktop\all-projects\ds-w
eb\node_modules\next\dist\comp
iled\next-server\app-page.runt
ime.prod.js:12:67538)
    at nD (C:\Users\HuzaifaTan
veer\Desktop\all-projects\ds-w
eb\node_modules\next\dist\comp
iled\next-server\app-page.runt
ime.prod.js:12:66680)
    at nN (C:\Users\HuzaifaTan
veer\Desktop\all-projects\ds-w
eb\node_modules\next\dist\comp
iled\next-server\app-page.runt
ime.prod.js:12:64853)
    at nB (C:\Users\HuzaifaTan
veer\Desktop\all-projects\ds-w
eb\node_modules\next\dist\comp
iled\next-server\app-page.runt
ime.prod.js:12:67538)
    at nM (C:\Users\HuzaifaTan
veer\Desktop\all-projects\ds-w
eb\node_modules\next\dist\comp
iled\next-server\app-page.runt
ime.prod.js:12:58560) {
  digest: '3450753125'
}

Error occurred prerendering 
page "/locations/mobile-app-de
velopment-seattle". Read 
more: https://nextjs.org/docs/
messages/prerender-error

Error: Image with src 
"/location/grad.webp" is 
missing "loader" prop.
Read more: https://nextjs.org/
docs/messages/next-image-missi
ng-loader
    at s (C:\Users\HuzaifaTanv
eer\Desktop\all-projects\ds-we
b\.next\server\chunks\3572.js:
12:5252)
pathname >>  /locations/mobile-app-development-tampa
    at C:\Users\HuzaifaTanveer
\Desktop\all-projects\ds-web\.
next\server\chunks\3572.js:11:
92816
    at nj (C:\Users\HuzaifaTan
veer\Desktop\all-projects\ds-w
eb\node_modules\next\dist\comp
iled\next-server\app-page.runt
ime.prod.js:12:46251)
    at nM (C:\Users\HuzaifaTan
veer\Desktop\all-projects\ds-w
eb\node_modules\next\dist\comp
iled\next-server\app-page.runt
ime.prod.js:12:60839)
    at nN (C:\Users\HuzaifaTan
veer\Desktop\all-projects\ds-w
eb\node_modules\next\dist\comp
iled\next-server\app-page.runt
ime.prod.js:12:64546)
    at nB (C:\Users\HuzaifaTan
veer\Desktop\all-projects\ds-w
eb\node_modules\next\dist\comp
iled\next-server\app-page.runt
ime.prod.js:12:67538)
    at nD (C:\Users\HuzaifaTan
veer\Desktop\all-projects\ds-w
eb\node_modules\next\dist\comp
iled\next-server\app-page.runt
ime.prod.js:12:66680)
    at nN (C:\Users\HuzaifaTan
veer\Desktop\all-projects\ds-w
eb\node_modules\next\dist\comp
iled\next-server\app-page.runt
ime.prod.js:12:64853)
    at nB (C:\Users\HuzaifaTan
veer\Desktop\all-projects\ds-w
eb\node_modules\next\dist\comp
iled\next-server\app-page.runt
ime.prod.js:12:67538)
    at nM (C:\Users\HuzaifaTan
veer\Desktop\all-projects\ds-w
eb\node_modules\next\dist\comp
iled\next-server\app-page.runt
ime.prod.js:12:58560)
Error: Image with src "/locati
on/mobile-tampa/grad.png" is 
missing "loader" prop.
Read more: https://nextjs.org/
docs/messages/next-image-missi
ng-loader
    at s (C:\Users\HuzaifaTanv
eer\Desktop\all-projects\ds-we
b\.next\server\chunks\3572.js:
12:5252)
    at C:\Users\HuzaifaTanveer
\Desktop\all-projects\ds-web\.
next\server\chunks\3572.js:11:
92816
    at nj (C:\Users\HuzaifaTan
veer\Desktop\all-projects\ds-w
eb\node_modules\next\dist\comp
iled\next-server\app-page.runt
ime.prod.js:12:46251)
    at nM (C:\Users\HuzaifaTan
veer\Desktop\all-projects\ds-w
eb\node_modules\next\dist\comp
iled\next-server\app-page.runt
ime.prod.js:12:60839)
    at nN (C:\Users\HuzaifaTan
veer\Desktop\all-projects\ds-w
eb\node_modules\next\dist\comp
iled\next-server\app-page.runt
ime.prod.js:12:64546)
    at nB (C:\Users\HuzaifaTan
veer\Desktop\all-projects\ds-w
eb\node_modules\next\dist\comp
iled\next-server\app-page.runt
ime.prod.js:12:67538)
    at nD (C:\Users\HuzaifaTan
veer\Desktop\all-projects\ds-w
eb\node_modules\next\dist\comp
iled\next-server\app-page.runt
ime.prod.js:12:66680)
    at nN (C:\Users\HuzaifaTan
veer\Desktop\all-projects\ds-w
eb\node_modules\next\dist\comp
iled\next-server\app-page.runt
ime.prod.js:12:64853)
    at nB (C:\Users\HuzaifaTan
veer\Desktop\all-projects\ds-w
eb\node_modules\next\dist\comp
iled\next-server\app-page.runt
ime.prod.js:12:67538)
    at nM (C:\Users\HuzaifaTan
veer\Desktop\all-projects\ds-w
eb\node_modules\next\dist\comp
iled\next-server\app-page.runt
ime.prod.js:12:58560) {
  digest: '3396016933'
}

Error occurred prerendering 
page "/locations/mobile-app-de
velopment-tampa". Read more: h
ttps://nextjs.org/docs/message
s/prerender-error

Error: Image with src "/locati
on/mobile-tampa/grad.png" is 
missing "loader" prop.
Read more: https://nextjs.org/
docs/messages/next-image-missi
ng-loader
    at s (C:\Users\HuzaifaTanv
eer\Desktop\all-projects\ds-we
b\.next\server\chunks\3572.js:
12:5252)
    at C:\Users\HuzaifaTanveer
\Desktop\all-projects\ds-web\.
next\server\chunks\3572.js:11:
92816
    at nj (C:\Users\HuzaifaTan
veer\Desktop\all-projects\ds-w
eb\node_modules\next\dist\comp
iled\next-server\app-page.runt
ime.prod.js:12:46251)
    at nM (C:\Users\HuzaifaTan
veer\Desktop\all-projects\ds-w
eb\node_modules\next\dist\comp
iled\next-server\app-page.runt
ime.prod.js:12:60839)
    at nN (C:\Users\HuzaifaTan
veer\Desktop\all-projects\ds-w
eb\node_modules\next\dist\comp
iled\next-server\app-page.runt
ime.prod.js:12:64546)
    at nB (C:\Users\HuzaifaTan
veer\Desktop\all-projects\ds-w
eb\node_modules\next\dist\comp
iled\next-server\app-page.runt
ime.prod.js:12:67538)
    at nD (C:\Users\HuzaifaTan
veer\Desktop\all-projects\ds-w
eb\node_modules\next\dist\comp
iled\next-server\app-page.runt
ime.prod.js:12:66680)
    at nN (C:\Users\HuzaifaTan
veer\Desktop\all-projects\ds-w
eb\node_modules\next\dist\comp
iled\next-server\app-page.runt
ime.prod.js:12:64853)
    at nB (C:\Users\HuzaifaTan
veer\Desktop\all-projects\ds-w
eb\node_modules\next\dist\comp
iled\next-server\app-page.runt
ime.prod.js:12:67538)
    at nM (C:\Users\HuzaifaTan
veer\Desktop\all-projects\ds-w
eb\node_modules\next\dist\comp
iled\next-server\app-page.runt
ime.prod.js:12:58560)
pathname >>  /locations
pathname >>  /locations/mobile-app-development-washington
pathname >>  /locations/mobile-app-development-texas
Error: Image with src "/locati
on/mobile-washington/b-grad.pn
g" is missing "loader" prop.
Read more: https://nextjs.org/
docs/messages/next-image-missi
ng-loader
    at s (C:\Users\HuzaifaTanv
eer\Desktop\all-projects\ds-we
b\.next\server\chunks\3572.js:
12:5252)
    at C:\Users\HuzaifaTanveer
\Desktop\all-projects\ds-web\.
next\server\chunks\3572.js:11:
92816
    at nj (C:\Users\HuzaifaTan
veer\Desktop\all-projects\ds-w
eb\node_modules\next\dist\comp
iled\next-server\app-page.runt
ime.prod.js:12:46251)
    at nM (C:\Users\HuzaifaTan
veer\Desktop\all-projects\ds-w
eb\node_modules\next\dist\comp
iled\next-server\app-page.runt
ime.prod.js:12:60839)
    at nN (C:\Users\HuzaifaTan
veer\Desktop\all-projects\ds-w
eb\node_modules\next\dist\comp
iled\next-server\app-page.runt
ime.prod.js:12:64546)
    at nB (C:\Users\HuzaifaTan
veer\Desktop\all-projects\ds-w
eb\node_modules\next\dist\comp
iled\next-server\app-page.runt
ime.prod.js:12:67538)
    at nD (C:\Users\HuzaifaTan
veer\Desktop\all-projects\ds-w
eb\node_modules\next\dist\comp
iled\next-server\app-page.runt
ime.prod.js:12:66680)
    at nN (C:\Users\HuzaifaTan
veer\Desktop\all-projects\ds-w
eb\node_modules\next\dist\comp
iled\next-server\app-page.runt
ime.prod.js:12:64853)
    at nB (C:\Users\HuzaifaTan
veer\Desktop\all-projects\ds-w
eb\node_modules\next\dist\comp
iled\next-server\app-page.runt
ime.prod.js:12:67538)
    at nM (C:\Users\HuzaifaTan
veer\Desktop\all-projects\ds-w
eb\node_modules\next\dist\comp
iled\next-server\app-page.runt
ime.prod.js:12:58560) {
  digest: '1870761893'
}

Error occurred prerendering 
page "/locations/mobile-app-de
velopment-washington". Read 
more: https://nextjs.org/docs/
messages/prerender-error

Error: Image with src "/locati
on/mobile-washington/b-grad.pn
g" is missing "loader" prop.
Read more: https://nextjs.org/
docs/messages/next-image-missi
ng-loader
    at s (C:\Users\HuzaifaTanv
eer\Desktop\all-projects\ds-we
b\.next\server\chunks\3572.js:
12:5252)
    at C:\Users\HuzaifaTanveer
\Desktop\all-projects\ds-web\.
next\server\chunks\3572.js:11:
92816
    at nj (C:\Users\HuzaifaTan
veer\Desktop\all-projects\ds-w
eb\node_modules\next\dist\comp
iled\next-server\app-page.runt
ime.prod.js:12:46251)
    at nM (C:\Users\HuzaifaTan
veer\Desktop\all-projects\ds-w
eb\node_modules\next\dist\comp
iled\next-server\app-page.runt
ime.prod.js:12:60839)
    at nN (C:\Users\HuzaifaTan
veer\Desktop\all-projects\ds-w
eb\node_modules\next\dist\comp
iled\next-server\app-page.runt
ime.prod.js:12:64546)
    at nB (C:\Users\HuzaifaTan
veer\Desktop\all-projects\ds-w
eb\node_modules\next\dist\comp
iled\next-server\app-page.runt
ime.prod.js:12:67538)
    at nD (C:\Users\HuzaifaTan
veer\Desktop\all-projects\ds-w
eb\node_modules\next\dist\comp
iled\next-server\app-page.runt
ime.prod.js:12:66680)
    at nN (C:\Users\HuzaifaTan
veer\Desktop\all-projects\ds-w
eb\node_modules\next\dist\comp
iled\next-server\app-page.runt
ime.prod.js:12:64853)
    at nB (C:\Users\HuzaifaTan
veer\Desktop\all-projects\ds-w
eb\node_modules\next\dist\comp
iled\next-server\app-page.runt
ime.prod.js:12:67538)
    at nM (C:\Users\HuzaifaTan
veer\Desktop\all-projects\ds-w
eb\node_modules\next\dist\comp
iled\next-server\app-page.runt
ime.prod.js:12:58560)
Error: Image with src "/locati
on/mobile-texas/grad.png" is 
missing "loader" prop.
Read more: https://nextjs.org/
docs/messages/next-image-missi
ng-loader
    at s (C:\Users\HuzaifaTanv
eer\Desktop\all-projects\ds-we
b\.next\server\chunks\3572.js:
12:5252)
    at C:\Users\HuzaifaTanveer
\Desktop\all-projects\ds-web\.
next\server\chunks\3572.js:11:
92816
    at nj (C:\Users\HuzaifaTan
veer\Desktop\all-projects\ds-w
eb\node_modules\next\dist\comp
iled\next-server\app-page.runt
ime.prod.js:12:46251)
    at nM (C:\Users\HuzaifaTan
veer\Desktop\all-projects\ds-w
eb\node_modules\next\dist\comp
iled\next-server\app-page.runt
ime.prod.js:12:60839)
    at nN (C:\Users\HuzaifaTan
veer\Desktop\all-projects\ds-w
eb\node_modules\next\dist\comp
iled\next-server\app-page.runt
ime.prod.js:12:64546)
    at nB (C:\Users\HuzaifaTan
veer\Desktop\all-projects\ds-w
eb\node_modules\next\dist\comp
iled\next-server\app-page.runt
ime.prod.js:12:67538)
    at nD (C:\Users\HuzaifaTan
veer\Desktop\all-projects\ds-w
eb\node_modules\next\dist\comp
iled\next-server\app-page.runt
ime.prod.js:12:66680)
    at nN (C:\Users\HuzaifaTan
veer\Desktop\all-projects\ds-w
eb\node_modules\next\dist\comp
iled\next-server\app-page.runt
ime.prod.js:12:64853)
    at nB (C:\Users\HuzaifaTan
veer\Desktop\all-projects\ds-w
eb\node_modules\next\dist\comp
iled\next-server\app-page.runt
ime.prod.js:12:67538)
    at nM (C:\Users\HuzaifaTan
veer\Desktop\all-projects\ds-w
eb\node_modules\next\dist\comp
iled\next-server\app-page.runt
ime.prod.js:12:58560) {
  digest: '1029261285'
}

Error occurred prerendering 
page "/locations/mobile-app-de
velopment-texas". Read more: h
ttps://nextjs.org/docs/message
s/prerender-error

Error: Image with src "/locati
on/mobile-texas/grad.png" is 
missing "loader" prop.
Read more: https://nextjs.org/
docs/messages/next-image-missi
ng-loader
    at s (C:\Users\HuzaifaTanv
eer\Desktop\all-projects\ds-we
b\.next\server\chunks\3572.js:
12:5252)
    at C:\Users\HuzaifaTanveer
\Desktop\all-projects\ds-web\.
next\server\chunks\3572.js:11:
92816
    at nj (C:\Users\HuzaifaTan
veer\Desktop\all-projects\ds-w
eb\node_modules\next\dist\comp
iled\next-server\app-page.runt
ime.prod.js:12:46251)
    at nM (C:\Users\HuzaifaTan
veer\Desktop\all-projects\ds-w
eb\node_modules\next\dist\comp
iled\next-server\app-page.runt
ime.prod.js:12:60839)
    at nN (C:\Users\HuzaifaTan
veer\Desktop\all-projects\ds-w
eb\node_modules\next\dist\comp
iled\next-server\app-page.runt
ime.prod.js:12:64546)
    at nB (C:\Users\HuzaifaTan
veer\Desktop\all-projects\ds-w
eb\node_modules\next\dist\comp
iled\next-server\app-page.runt
ime.prod.js:12:67538)
    at nD (C:\Users\HuzaifaTan
veer\Desktop\all-projects\ds-w
eb\node_modules\next\dist\comp
iled\next-server\app-page.runt
ime.prod.js:12:66680)
    at nN (C:\Users\HuzaifaTan
veer\Desktop\all-projects\ds-w
eb\node_modules\next\dist\comp
iled\next-server\app-page.runt
ime.prod.js:12:64853)
    at nB (C:\Users\HuzaifaTan
veer\Desktop\all-projects\ds-w
eb\node_modules\next\dist\comp
iled\next-server\app-page.runt
ime.prod.js:12:67538)
    at nM (C:\Users\HuzaifaTan
veer\Desktop\all-projects\ds-w
eb\node_modules\next\dist\comp
iled\next-server\app-page.runt
ime.prod.js:12:58560)
pathname >>  /privacy-policy
pathname >>  /
Error: Image with src 
"/rounded-border-image.png" 
is missing "loader" prop.
Read more: https://nextjs.org/
docs/messages/next-image-missi
ng-loader
    at s (C:\Users\HuzaifaTanv
eer\Desktop\all-projects\ds-we
b\.next\server\chunks\3572.js:
12:5252)
    at C:\Users\HuzaifaTanveer
\Desktop\all-projects\ds-web\.
next\server\chunks\3572.js:11:
92816
    at nj (C:\Users\HuzaifaTan
veer\Desktop\all-projects\ds-w
eb\node_modules\next\dist\comp
iled\next-server\app-page.runt
ime.prod.js:12:46251)
    at nM (C:\Users\HuzaifaTan
veer\Desktop\all-projects\ds-w
eb\node_modules\next\dist\comp
iled\next-server\app-page.runt
ime.prod.js:12:60839)
    at nN (C:\Users\HuzaifaTan
veer\Desktop\all-projects\ds-w
eb\node_modules\next\dist\comp
iled\next-server\app-page.runt
ime.prod.js:12:64546)
    at nB (C:\Users\HuzaifaTan
veer\Desktop\all-projects\ds-w
eb\node_modules\next\dist\comp
iled\next-server\app-page.runt
ime.prod.js:12:67538)
    at nD (C:\Users\HuzaifaTan
veer\Desktop\all-projects\ds-w
eb\node_modules\next\dist\comp
iled\next-server\app-page.runt
ime.prod.js:12:66680)
    at nN (C:\Users\HuzaifaTan
veer\Desktop\all-projects\ds-w
eb\node_modules\next\dist\comp
iled\next-server\app-page.runt
ime.prod.js:12:64853)
    at nB (C:\Users\HuzaifaTan
veer\Desktop\all-projects\ds-w
eb\node_modules\next\dist\comp
iled\next-server\app-page.runt
ime.prod.js:12:67538)
    at nM (C:\Users\HuzaifaTan
veer\Desktop\all-projects\ds-w
eb\node_modules\next\dist\comp
iled\next-server\app-page.runt
ime.prod.js:12:58560) {
  digest: '3770039621'
}

Error occurred prerendering 
page "/services/hire-android-a
pp-developers". Read more: htt
ps://nextjs.org/docs/messages/
prerender-error

Error: Image with src 
"/rounded-border-image.png" 
is missing "loader" prop.
Read more: https://nextjs.org/
docs/messages/next-image-missi
ng-loader
    at s (C:\Users\HuzaifaTanv
eer\Desktop\all-projects\ds-we
b\.next\server\chunks\3572.js:
12:5252)
    at C:\Users\HuzaifaTanveer
\Desktop\all-projects\ds-web\.
next\server\chunks\3572.js:11:
92816
    at nj (C:\Users\HuzaifaTan
veer\Desktop\all-projects\ds-w
eb\node_modules\next\dist\comp
iled\next-server\app-page.runt
ime.prod.js:12:46251)
    at nM (C:\Users\HuzaifaTan
veer\Desktop\all-projects\ds-w
eb\node_modules\next\dist\comp
iled\next-server\app-page.runt
ime.prod.js:12:60839)
    at nN (C:\Users\HuzaifaTan
veer\Desktop\all-projects\ds-w
eb\node_modules\next\dist\comp
iled\next-server\app-page.runt
ime.prod.js:12:64546)
    at nB (C:\Users\HuzaifaTan
veer\Desktop\all-projects\ds-w
eb\node_modules\next\dist\comp
iled\next-server\app-page.runt
ime.prod.js:12:67538)
    at nD (C:\Users\HuzaifaTan
veer\Desktop\all-projects\ds-w
eb\node_modules\next\dist\comp
iled\next-server\app-page.runt
ime.prod.js:12:66680)
    at nN (C:\Users\HuzaifaTan
veer\Desktop\all-projects\ds-w
eb\node_modules\next\dist\comp
iled\next-server\app-page.runt
ime.prod.js:12:64853)
    at nB (C:\Users\HuzaifaTan
veer\Desktop\all-projects\ds-w
eb\node_modules\next\dist\comp
iled\next-server\app-page.runt
ime.prod.js:12:67538)
    at nM (C:\Users\HuzaifaTan
veer\Desktop\all-projects\ds-w
eb\node_modules\next\dist\comp
iled\next-server\app-page.runt
ime.prod.js:12:58560)
Error: Image with src "/Androi
d-app-design-services-image.we
bp" is missing "loader" prop.
Read more: https://nextjs.org/
docs/messages/next-image-missi
ng-loader
    at s (C:\Users\HuzaifaTanv
eer\Desktop\all-projects\ds-we
b\.next\server\chunks\3572.js:
12:5252)
    at C:\Users\HuzaifaTanveer
\Desktop\all-projects\ds-web\.
next\server\chunks\3572.js:11:
92816
    at nj (C:\Users\HuzaifaTan
veer\Desktop\all-projects\ds-w
eb\node_modules\next\dist\comp
iled\next-server\app-page.runt
ime.prod.js:12:46251)
    at nM (C:\Users\HuzaifaTan
veer\Desktop\all-projects\ds-w
eb\node_modules\next\dist\comp
iled\next-server\app-page.runt
ime.prod.js:12:60839)
    at nN (C:\Users\HuzaifaTan
veer\Desktop\all-projects\ds-w
eb\node_modules\next\dist\comp
iled\next-server\app-page.runt
ime.prod.js:12:64546)
    at nB (C:\Users\HuzaifaTan
veer\Desktop\all-projects\ds-w
eb\node_modules\next\dist\comp
iled\next-server\app-page.runt
ime.prod.js:12:67538)
    at nM (C:\Users\HuzaifaTan
veer\Desktop\all-projects\ds-w
eb\node_modules\next\dist\comp
iled\next-server\app-page.runt
ime.prod.js:12:58560)
    at nN (C:\Users\HuzaifaTan
veer\Desktop\all-projects\ds-w
eb\node_modules\next\dist\comp
iled\next-server\app-page.runt
ime.prod.js:12:64546)
    at nB (C:\Users\HuzaifaTan
veer\Desktop\all-projects\ds-w
eb\node_modules\next\dist\comp
iled\next-server\app-page.runt
ime.prod.js:12:67538)
    at nM (C:\Users\HuzaifaTan
veer\Desktop\all-projects\ds-w
eb\node_modules\next\dist\comp
iled\next-server\app-page.runt
ime.prod.js:12:58560) {
  digest: '2338969861'
}

Error occurred prerendering 
page "/services/android-mobile
-app-design-services". Read 
more: https://nextjs.org/docs/
messages/prerender-error

Error: Image with src "/Androi
d-app-design-services-image.we
bp" is missing "loader" prop.
Read more: https://nextjs.org/
docs/messages/next-image-missi
ng-loader
    at s (C:\Users\HuzaifaTanv
eer\Desktop\all-projects\ds-we
b\.next\server\chunks\3572.js:
12:5252)
    at C:\Users\HuzaifaTanveer
\Desktop\all-projects\ds-web\.
next\server\chunks\3572.js:11:
92816
    at nj (C:\Users\HuzaifaTan
veer\Desktop\all-projects\ds-w
eb\node_modules\next\dist\comp
iled\next-server\app-page.runt
ime.prod.js:12:46251)
    at nM (C:\Users\HuzaifaTan
veer\Desktop\all-projects\ds-w
eb\node_modules\next\dist\comp
iled\next-server\app-page.runt
ime.prod.js:12:60839)
    at nN (C:\Users\HuzaifaTan
veer\Desktop\all-projects\ds-w
eb\node_modules\next\dist\comp
iled\next-server\app-page.runt
ime.prod.js:12:64546)
    at nB (C:\Users\HuzaifaTan
veer\Desktop\all-projects\ds-w
eb\node_modules\next\dist\comp
iled\next-server\app-page.runt
ime.prod.js:12:67538)
    at nM (C:\Users\HuzaifaTan
veer\Desktop\all-projects\ds-w
eb\node_modules\next\dist\comp
iled\next-server\app-page.runt
ime.prod.js:12:58560)
    at nN (C:\Users\HuzaifaTan
veer\Desktop\all-projects\ds-w
eb\node_modules\next\dist\comp
iled\next-server\app-page.runt
ime.prod.js:12:64546)
    at nB (C:\Users\HuzaifaTan
veer\Desktop\all-projects\ds-w
eb\node_modules\next\dist\comp
iled\next-server\app-page.runt
ime.prod.js:12:67538)
    at nM (C:\Users\HuzaifaTan
veer\Desktop\all-projects\ds-w
eb\node_modules\next\dist\comp
iled\next-server\app-page.runt
ime.prod.js:12:58560)
Error: Image with src 
"/arrow-icon.png" is missing 
"loader" prop.
Read more: https://nextjs.org/
docs/messages/next-image-missi
ng-loader
    at s (C:\Users\HuzaifaTanv
eer\Desktop\all-projects\ds-we
b\.next\server\chunks\3572.js:
12:5252)
    at C:\Users\HuzaifaTanveer
\Desktop\all-projects\ds-web\.
next\server\chunks\3572.js:11:
92816
    at nj (C:\Users\HuzaifaTan
veer\Desktop\all-projects\ds-w
eb\node_modules\next\dist\comp
iled\next-server\app-page.runt
ime.prod.js:12:46251)
    at nM (C:\Users\HuzaifaTan
veer\Desktop\all-projects\ds-w
eb\node_modules\next\dist\comp
iled\next-server\app-page.runt
ime.prod.js:12:60839)
    at nN (C:\Users\HuzaifaTan
veer\Desktop\all-projects\ds-w
eb\node_modules\next\dist\comp
iled\next-server\app-page.runt
ime.prod.js:12:64546)
    at nB (C:\Users\HuzaifaTan
veer\Desktop\all-projects\ds-w
eb\node_modules\next\dist\comp
iled\next-server\app-page.runt
ime.prod.js:12:67538)
    at nD (C:\Users\HuzaifaTan
veer\Desktop\all-projects\ds-w
eb\node_modules\next\dist\comp
iled\next-server\app-page.runt
ime.prod.js:12:66680)
    at nN (C:\Users\HuzaifaTan
veer\Desktop\all-projects\ds-w
eb\node_modules\next\dist\comp
iled\next-server\app-page.runt
ime.prod.js:12:64853)
    at nB (C:\Users\HuzaifaTan
veer\Desktop\all-projects\ds-w
eb\node_modules\next\dist\comp
iled\next-server\app-page.runt
ime.prod.js:12:67538)
    at nM (C:\Users\HuzaifaTan
veer\Desktop\all-projects\ds-w
eb\node_modules\next\dist\comp
iled\next-server\app-page.runt
ime.prod.js:12:58560) {
  digest: '815568613'
}

Error occurred prerendering 
page "/services/android-app-de
velopment-services". Read 
more: https://nextjs.org/docs/
messages/prerender-error

Error: Image with src 
"/arrow-icon.png" is missing 
"loader" prop.
Read more: https://nextjs.org/
docs/messages/next-image-missi
ng-loader
    at s (C:\Users\HuzaifaTanv
eer\Desktop\all-projects\ds-we
b\.next\server\chunks\3572.js:
12:5252)
    at C:\Users\HuzaifaTanveer
\Desktop\all-projects\ds-web\.
next\server\chunks\3572.js:11:
92816
    at nj (C:\Users\HuzaifaTan
veer\Desktop\all-projects\ds-w
eb\node_modules\next\dist\comp
iled\next-server\app-page.runt
ime.prod.js:12:46251)
    at nM (C:\Users\HuzaifaTan
veer\Desktop\all-projects\ds-w
eb\node_modules\next\dist\comp
iled\next-server\app-page.runt
ime.prod.js:12:60839)
    at nN (C:\Users\HuzaifaTan
veer\Desktop\all-projects\ds-w
eb\node_modules\next\dist\comp
iled\next-server\app-page.runt
ime.prod.js:12:64546)
    at nB (C:\Users\HuzaifaTan
veer\Desktop\all-projects\ds-w
eb\node_modules\next\dist\comp
iled\next-server\app-page.runt
ime.prod.js:12:67538)
    at nD (C:\Users\HuzaifaTan
veer\Desktop\all-projects\ds-w
eb\node_modules\next\dist\comp
iled\next-server\app-page.runt
ime.prod.js:12:66680)
    at nN (C:\Users\HuzaifaTan
veer\Desktop\all-projects\ds-w
eb\node_modules\next\dist\comp
iled\next-server\app-page.runt
ime.prod.js:12:64853)
    at nB (C:\Users\HuzaifaTan
veer\Desktop\all-projects\ds-w
eb\node_modules\next\dist\comp
iled\next-server\app-page.runt
ime.prod.js:12:67538)
    at nM (C:\Users\HuzaifaTan
veer\Desktop\all-projects\ds-w
eb\node_modules\next\dist\comp
iled\next-server\app-page.runt
ime.prod.js:12:58560)
Error: Image with src "/hire-m
obile-app-dev-hero-animation-m
ockup-0.webp" is missing 
"loader" prop.
Read more: https://nextjs.org/
docs/messages/next-image-missi
ng-loader
    at s (C:\Users\HuzaifaTanv
eer\Desktop\all-projects\ds-we
b\.next\server\chunks\3572.js:
12:5252)
    at C:\Users\HuzaifaTanveer
\Desktop\all-projects\ds-web\.
next\server\chunks\3572.js:11:
92816
    at nj (C:\Users\HuzaifaTan
veer\Desktop\all-projects\ds-w
eb\node_modules\next\dist\comp
iled\next-server\app-page.runt
ime.prod.js:12:46251)
    at nM (C:\Users\HuzaifaTan
veer\Desktop\all-projects\ds-w
eb\node_modules\next\dist\comp
iled\next-server\app-page.runt
ime.prod.js:12:60839)
    at nN (C:\Users\HuzaifaTan
veer\Desktop\all-projects\ds-w
eb\node_modules\next\dist\comp
iled\next-server\app-page.runt
ime.prod.js:12:64546)
    at nB (C:\Users\HuzaifaTan
veer\Desktop\all-projects\ds-w
eb\node_modules\next\dist\comp
iled\next-server\app-page.runt
ime.prod.js:12:67538)
    at nD (C:\Users\HuzaifaTan
veer\Desktop\all-projects\ds-w
eb\node_modules\next\dist\comp
iled\next-server\app-page.runt
ime.prod.js:12:66680)
    at nN (C:\Users\HuzaifaTan
veer\Desktop\all-projects\ds-w
eb\node_modules\next\dist\comp
iled\next-server\app-page.runt
ime.prod.js:12:64853)
    at nB (C:\Users\HuzaifaTan
veer\Desktop\all-projects\ds-w
eb\node_modules\next\dist\comp
iled\next-server\app-page.runt
ime.prod.js:12:67538)
    at nM (C:\Users\HuzaifaTan
veer\Desktop\all-projects\ds-w
eb\node_modules\next\dist\comp
iled\next-server\app-page.runt
ime.prod.js:12:58560) {
  digest: '1201111845'
}

Error occurred prerendering 
page "/services/hire-mobile-ap
p-developers". Read more: http
s://nextjs.org/docs/messages/p
rerender-error

Error: Image with src "/hire-m
obile-app-dev-hero-animation-m
ockup-0.webp" is missing 
"loader" prop.
Read more: https://nextjs.org/
docs/messages/next-image-missi
ng-loader
    at s (C:\Users\HuzaifaTanv
eer\Desktop\all-projects\ds-we
b\.next\server\chunks\3572.js:
12:5252)
    at C:\Users\HuzaifaTanveer
\Desktop\all-projects\ds-web\.
next\server\chunks\3572.js:11:
92816
    at nj (C:\Users\HuzaifaTan
veer\Desktop\all-projects\ds-w
eb\node_modules\next\dist\comp
iled\next-server\app-page.runt
ime.prod.js:12:46251)
    at nM (C:\Users\HuzaifaTan
veer\Desktop\all-projects\ds-w
eb\node_modules\next\dist\comp
iled\next-server\app-page.runt
ime.prod.js:12:60839)
    at nN (C:\Users\HuzaifaTan
veer\Desktop\all-projects\ds-w
eb\node_modules\next\dist\comp
iled\next-server\app-page.runt
ime.prod.js:12:64546)
    at nB (C:\Users\HuzaifaTan
veer\Desktop\all-projects\ds-w
eb\node_modules\next\dist\comp
iled\next-server\app-page.runt
ime.prod.js:12:67538)
    at nD (C:\Users\HuzaifaTan
veer\Desktop\all-projects\ds-w
eb\node_modules\next\dist\comp
iled\next-server\app-page.runt
ime.prod.js:12:66680)
    at nN (C:\Users\HuzaifaTan
veer\Desktop\all-projects\ds-w
eb\node_modules\next\dist\comp
iled\next-server\app-page.runt
ime.prod.js:12:64853)
    at nB (C:\Users\HuzaifaTan
veer\Desktop\all-projects\ds-w
eb\node_modules\next\dist\comp
iled\next-server\app-page.runt
ime.prod.js:12:67538)
    at nM (C:\Users\HuzaifaTan
veer\Desktop\all-projects\ds-w
eb\node_modules\next\dist\comp
iled\next-server\app-page.runt
ime.prod.js:12:58560)
Error: Image with src 
"/ios-photos-icon.webp" is 
missing "loader" prop.
Read more: https://nextjs.org/
docs/messages/next-image-missi
ng-loader
    at s (C:\Users\HuzaifaTanv
eer\Desktop\all-projects\ds-we
b\.next\server\chunks\3572.js:
12:5252)
    at C:\Users\HuzaifaTanveer
\Desktop\all-projects\ds-web\.
next\server\chunks\3572.js:11:
92816
    at nj (C:\Users\HuzaifaTan
veer\Desktop\all-projects\ds-w
eb\node_modules\next\dist\comp
iled\next-server\app-page.runt
ime.prod.js:12:46251)
    at nM (C:\Users\HuzaifaTan
veer\Desktop\all-projects\ds-w
eb\node_modules\next\dist\comp
iled\next-server\app-page.runt
ime.prod.js:12:60839)
    at nN (C:\Users\HuzaifaTan
veer\Desktop\all-projects\ds-w
eb\node_modules\next\dist\comp
iled\next-server\app-page.runt
ime.prod.js:12:64546)
    at nB (C:\Users\HuzaifaTan
veer\Desktop\all-projects\ds-w
eb\node_modules\next\dist\comp
iled\next-server\app-page.runt
ime.prod.js:12:67538)
    at nD (C:\Users\HuzaifaTan
veer\Desktop\all-projects\ds-w
eb\node_modules\next\dist\comp
iled\next-server\app-page.runt
ime.prod.js:12:66680)
    at nN (C:\Users\HuzaifaTan
veer\Desktop\all-projects\ds-w
eb\node_modules\next\dist\comp
iled\next-server\app-page.runt
ime.prod.js:12:64853)
    at nB (C:\Users\HuzaifaTan
veer\Desktop\all-projects\ds-w
eb\node_modules\next\dist\comp
iled\next-server\app-page.runt
ime.prod.js:12:67538)
    at nM (C:\Users\HuzaifaTan
veer\Desktop\all-projects\ds-w
eb\node_modules\next\dist\comp
iled\next-server\app-page.runt
ime.prod.js:12:58560) {
  digest: '448961349'
}

Error occurred prerendering 
page "/services/hire-ios-app-d
evelopers". Read more: https:/
/nextjs.org/docs/messages/prer
ender-error

Error: Image with src 
"/ios-photos-icon.webp" is 
missing "loader" prop.
Read more: https://nextjs.org/
docs/messages/next-image-missi
ng-loader
    at s (C:\Users\HuzaifaTanv
eer\Desktop\all-projects\ds-we
b\.next\server\chunks\3572.js:
12:5252)
    at C:\Users\HuzaifaTanveer
\Desktop\all-projects\ds-web\.
next\server\chunks\3572.js:11:
92816
    at nj (C:\Users\HuzaifaTan
veer\Desktop\all-projects\ds-w
eb\node_modules\next\dist\comp
iled\next-server\app-page.runt
ime.prod.js:12:46251)
    at nM (C:\Users\HuzaifaTan
veer\Desktop\all-projects\ds-w
eb\node_modules\next\dist\comp
iled\next-server\app-page.runt
ime.prod.js:12:60839)
    at nN (C:\Users\HuzaifaTan
veer\Desktop\all-projects\ds-w
eb\node_modules\next\dist\comp
iled\next-server\app-page.runt
ime.prod.js:12:64546)
    at nB (C:\Users\HuzaifaTan
veer\Desktop\all-projects\ds-w
eb\node_modules\next\dist\comp
iled\next-server\app-page.runt
ime.prod.js:12:67538)
    at nD (C:\Users\HuzaifaTan
veer\Desktop\all-projects\ds-w
eb\node_modules\next\dist\comp
iled\next-server\app-page.runt
ime.prod.js:12:66680)
    at nN (C:\Users\HuzaifaTan
veer\Desktop\all-projects\ds-w
eb\node_modules\next\dist\comp
iled\next-server\app-page.runt
ime.prod.js:12:64853)
    at nB (C:\Users\HuzaifaTan
veer\Desktop\all-projects\ds-w
eb\node_modules\next\dist\comp
iled\next-server\app-page.runt
ime.prod.js:12:67538)
    at nM (C:\Users\HuzaifaTan
veer\Desktop\all-projects\ds-w
eb\node_modules\next\dist\comp
iled\next-server\app-page.runt
ime.prod.js:12:58560)
Error: Image with src 
"/hybrid-app-arrow.webp" is 
missing "loader" prop.
Read more: https://nextjs.org/
docs/messages/next-image-missi
ng-loader
    at s (C:\Users\HuzaifaTanv
eer\Desktop\all-projects\ds-we
b\.next\server\chunks\3572.js:
12:5252)
    at C:\Users\HuzaifaTanveer
\Desktop\all-projects\ds-web\.
next\server\chunks\3572.js:11:
92816
    at nj (C:\Users\HuzaifaTan
veer\Desktop\all-projects\ds-w
eb\node_modules\next\dist\comp
iled\next-server\app-page.runt
ime.prod.js:12:46251)
    at nM (C:\Users\HuzaifaTan
veer\Desktop\all-projects\ds-w
eb\node_modules\next\dist\comp
iled\next-server\app-page.runt
ime.prod.js:12:60839)
    at nN (C:\Users\HuzaifaTan
veer\Desktop\all-projects\ds-w
eb\node_modules\next\dist\comp
iled\next-server\app-page.runt
ime.prod.js:12:64546)
    at nB (C:\Users\HuzaifaTan
veer\Desktop\all-projects\ds-w
eb\node_modules\next\dist\comp
iled\next-server\app-page.runt
ime.prod.js:12:67538)
    at nD (C:\Users\HuzaifaTan
veer\Desktop\all-projects\ds-w
eb\node_modules\next\dist\comp
iled\next-server\app-page.runt
ime.prod.js:12:66680)
    at nN (C:\Users\HuzaifaTan
veer\Desktop\all-projects\ds-w
eb\node_modules\next\dist\comp
iled\next-server\app-page.runt
ime.prod.js:12:64853)
    at nB (C:\Users\HuzaifaTan
veer\Desktop\all-projects\ds-w
eb\node_modules\next\dist\comp
iled\next-server\app-page.runt
ime.prod.js:12:67538)
    at nM (C:\Users\HuzaifaTan
veer\Desktop\all-projects\ds-w
eb\node_modules\next\dist\comp
iled\next-server\app-page.runt
ime.prod.js:12:58560) {
  digest: '3864144229'
}

Error occurred prerendering 
page "/services/hybrid-app-dev
elopment-services". Read 
more: https://nextjs.org/docs/
messages/prerender-error

Error: Image with src 
"/hybrid-app-arrow.webp" is 
missing "loader" prop.
Read more: https://nextjs.org/
docs/messages/next-image-missi
ng-loader
    at s (C:\Users\HuzaifaTanv
eer\Desktop\all-projects\ds-we
b\.next\server\chunks\3572.js:
12:5252)
    at C:\Users\HuzaifaTanveer
\Desktop\all-projects\ds-web\.
next\server\chunks\3572.js:11:
92816
    at nj (C:\Users\HuzaifaTan
veer\Desktop\all-projects\ds-w
eb\node_modules\next\dist\comp
iled\next-server\app-page.runt
ime.prod.js:12:46251)
    at nM (C:\Users\HuzaifaTan
veer\Desktop\all-projects\ds-w
eb\node_modules\next\dist\comp
iled\next-server\app-page.runt
ime.prod.js:12:60839)
    at nN (C:\Users\HuzaifaTan
veer\Desktop\all-projects\ds-w
eb\node_modules\next\dist\comp
iled\next-server\app-page.runt
ime.prod.js:12:64546)
    at nB (C:\Users\HuzaifaTan
veer\Desktop\all-projects\ds-w
eb\node_modules\next\dist\comp
iled\next-server\app-page.runt
ime.prod.js:12:67538)
    at nD (C:\Users\HuzaifaTan
veer\Desktop\all-projects\ds-w
eb\node_modules\next\dist\comp
iled\next-server\app-page.runt
ime.prod.js:12:66680)
    at nN (C:\Users\HuzaifaTan
veer\Desktop\all-projects\ds-w
eb\node_modules\next\dist\comp
iled\next-server\app-page.runt
ime.prod.js:12:64853)
    at nB (C:\Users\HuzaifaTan
veer\Desktop\all-projects\ds-w
eb\node_modules\next\dist\comp
iled\next-server\app-page.runt
ime.prod.js:12:67538)
    at nM (C:\Users\HuzaifaTan
veer\Desktop\all-projects\ds-w
eb\node_modules\next\dist\comp
iled\next-server\app-page.runt
ime.prod.js:12:58560)
Error: Image with src "/ios-ap
p-design-company.webp" is 
missing "loader" prop.
Read more: https://nextjs.org/
docs/messages/next-image-missi
ng-loader
    at s (C:\Users\HuzaifaTanv
eer\Desktop\all-projects\ds-we
b\.next\server\chunks\3572.js:
12:5252)
    at C:\Users\HuzaifaTanveer
\Desktop\all-projects\ds-web\.
next\server\chunks\3572.js:11:
92816
    at nj (C:\Users\HuzaifaTan
veer\Desktop\all-projects\ds-w
eb\node_modules\next\dist\comp
iled\next-server\app-page.runt
ime.prod.js:12:46251)
    at nM (C:\Users\HuzaifaTan
veer\Desktop\all-projects\ds-w
eb\node_modules\next\dist\comp
iled\next-server\app-page.runt
ime.prod.js:12:60839)
    at nN (C:\Users\HuzaifaTan
veer\Desktop\all-projects\ds-w
eb\node_modules\next\dist\comp
iled\next-server\app-page.runt
ime.prod.js:12:64546)
    at nB (C:\Users\HuzaifaTan
veer\Desktop\all-projects\ds-w
eb\node_modules\next\dist\comp
iled\next-server\app-page.runt
ime.prod.js:12:67538)
    at nD (C:\Users\HuzaifaTan
veer\Desktop\all-projects\ds-w
eb\node_modules\next\dist\comp
iled\next-server\app-page.runt
ime.prod.js:12:66680)
    at nN (C:\Users\HuzaifaTan
veer\Desktop\all-projects\ds-w
eb\node_modules\next\dist\comp
iled\next-server\app-page.runt
ime.prod.js:12:64853)
    at nB (C:\Users\HuzaifaTan
veer\Desktop\all-projects\ds-w
eb\node_modules\next\dist\comp
iled\next-server\app-page.runt
ime.prod.js:12:67538)
    at nM (C:\Users\HuzaifaTan
veer\Desktop\all-projects\ds-w
eb\node_modules\next\dist\comp
iled\next-server\app-page.runt
ime.prod.js:12:58560) {
  digest: '1046542757'
}

Error occurred prerendering 
page "/services/ios-app-design
-services". Read more: https:/
/nextjs.org/docs/messages/prer
ender-error

Error: Image with src "/ios-ap
p-design-company.webp" is 
missing "loader" prop.
Read more: https://nextjs.org/
docs/messages/next-image-missi
ng-loader
    at s (C:\Users\HuzaifaTanv
eer\Desktop\all-projects\ds-we
b\.next\server\chunks\3572.js:
12:5252)
    at C:\Users\HuzaifaTanveer
\Desktop\all-projects\ds-web\.
next\server\chunks\3572.js:11:
92816
    at nj (C:\Users\HuzaifaTan
veer\Desktop\all-projects\ds-w
eb\node_modules\next\dist\comp
iled\next-server\app-page.runt
ime.prod.js:12:46251)
    at nM (C:\Users\HuzaifaTan
veer\Desktop\all-projects\ds-w
eb\node_modules\next\dist\comp
iled\next-server\app-page.runt
ime.prod.js:12:60839)
    at nN (C:\Users\HuzaifaTan
veer\Desktop\all-projects\ds-w
eb\node_modules\next\dist\comp
iled\next-server\app-page.runt
ime.prod.js:12:64546)
    at nB (C:\Users\HuzaifaTan
veer\Desktop\all-projects\ds-w
eb\node_modules\next\dist\comp
iled\next-server\app-page.runt
ime.prod.js:12:67538)
    at nD (C:\Users\HuzaifaTan
veer\Desktop\all-projects\ds-w
eb\node_modules\next\dist\comp
iled\next-server\app-page.runt
ime.prod.js:12:66680)
    at nN (C:\Users\HuzaifaTan
veer\Desktop\all-projects\ds-w
eb\node_modules\next\dist\comp
iled\next-server\app-page.runt
ime.prod.js:12:64853)
    at nB (C:\Users\HuzaifaTan
veer\Desktop\all-projects\ds-w
eb\node_modules\next\dist\comp
iled\next-server\app-page.runt
ime.prod.js:12:67538)
    at nM (C:\Users\HuzaifaTan
veer\Desktop\all-projects\ds-w
eb\node_modules\next\dist\comp
iled\next-server\app-page.runt
ime.prod.js:12:58560)
light them
Error: Image with src "/mobile
-app-design-services-1.webp" 
is missing "loader" prop.
Read more: https://nextjs.org/
docs/messages/next-image-missi
ng-loader
    at s (C:\Users\HuzaifaTanv
eer\Desktop\all-projects\ds-we
b\.next\server\chunks\3572.js:
12:5252)
    at C:\Users\HuzaifaTanveer
\Desktop\all-projects\ds-web\.
next\server\chunks\3572.js:11:
92816
    at nj (C:\Users\HuzaifaTan
veer\Desktop\all-projects\ds-w
eb\node_modules\next\dist\comp
iled\next-server\app-page.runt
ime.prod.js:12:46251)
    at nM (C:\Users\HuzaifaTan
veer\Desktop\all-projects\ds-w
eb\node_modules\next\dist\comp
iled\next-server\app-page.runt
ime.prod.js:12:60839)
    at nN (C:\Users\HuzaifaTan
veer\Desktop\all-projects\ds-w
eb\node_modules\next\dist\comp
iled\next-server\app-page.runt
ime.prod.js:12:64546)
    at nB (C:\Users\HuzaifaTan
veer\Desktop\all-projects\ds-w
eb\node_modules\next\dist\comp
iled\next-server\app-page.runt
ime.prod.js:12:67538)
    at nD (C:\Users\HuzaifaTan
veer\Desktop\all-projects\ds-w
eb\node_modules\next\dist\comp
iled\next-server\app-page.runt
ime.prod.js:12:66680)
0
light them
    at nN (C:\Users\HuzaifaTan
veer\Desktop\all-projects\ds-w
eb\node_modules\next\dist\comp
iled\next-server\app-page.runt
ime.prod.js:12:64853)
    at nB (C:\Users\HuzaifaTan
veer\Desktop\all-projects\ds-w
eb\node_modules\next\dist\comp
iled\next-server\app-page.runt
ime.prod.js:12:67538)
    at nM (C:\Users\HuzaifaTan
veer\Desktop\all-projects\ds-w
eb\node_modules\next\dist\comp
iled\next-server\app-page.runt
ime.prod.js:12:58560) {
  digest: '630777253'
}

Error occurred prerendering 
page "/services/mobile-app-des
ign-services". Read more: http
s://nextjs.org/docs/messages/p
rerender-error

Error: Image with src "/mobile
-app-design-services-1.webp" 
is missing "loader" prop.
Read more: https://nextjs.org/
docs/messages/next-image-missi
ng-loader
    at s (C:\Users\HuzaifaTanv
eer\Desktop\all-projects\ds-we
b\.next\server\chunks\3572.js:
12:5252)
    at C:\Users\HuzaifaTanveer
\Desktop\all-projects\ds-web\.
next\server\chunks\3572.js:11:
92816
    at nj (C:\Users\HuzaifaTan
veer\Desktop\all-projects\ds-w
eb\node_modules\next\dist\comp
iled\next-server\app-page.runt
ime.prod.js:12:46251)
    at nM (C:\Users\HuzaifaTan
veer\Desktop\all-projects\ds-w
eb\node_modules\next\dist\comp
iled\next-server\app-page.runt
ime.prod.js:12:60839)
    at nN (C:\Users\HuzaifaTan
veer\Desktop\all-projects\ds-w
eb\node_modules\next\dist\comp
iled\next-server\app-page.runt
ime.prod.js:12:64546)
    at nB (C:\Users\HuzaifaTan
veer\Desktop\all-projects\ds-w
eb\node_modules\next\dist\comp
iled\next-server\app-page.runt
ime.prod.js:12:67538)
    at nD (C:\Users\HuzaifaTan
veer\Desktop\all-projects\ds-w
eb\node_modules\next\dist\comp
iled\next-server\app-page.runt
ime.prod.js:12:66680)
    at nN (C:\Users\HuzaifaTan
veer\Desktop\all-projects\ds-w
eb\node_modules\next\dist\comp
iled\next-server\app-page.runt
ime.prod.js:12:64853)
    at nB (C:\Users\HuzaifaTan
veer\Desktop\all-projects\ds-w
eb\node_modules\next\dist\comp
iled\next-server\app-page.runt
ime.prod.js:12:67538)
    at nM (C:\Users\HuzaifaTan
veer\Desktop\all-projects\ds-w
eb\node_modules\next\dist\comp
iled\next-server\app-page.runt
ime.prod.js:12:58560)
   Generating static pages (52/70) 
light them
Error: Image with src "/native
-app-dev-andoid-icon.webp" is 
missing "loader" prop.
Read more: https://nextjs.org/
docs/messages/next-image-missi
ng-loader
    at s (C:\Users\HuzaifaTanv
eer\Desktop\all-projects\ds-we
b\.next\server\chunks\3572.js:
12:5252)
    at C:\Users\HuzaifaTanveer
\Desktop\all-projects\ds-web\.
next\server\chunks\3572.js:11:
92816
    at nj (C:\Users\HuzaifaTan
veer\Desktop\all-projects\ds-w
eb\node_modules\next\dist\comp
iled\next-server\app-page.runt
ime.prod.js:12:46251)
    at nM (C:\Users\HuzaifaTan
veer\Desktop\all-projects\ds-w
eb\node_modules\next\dist\comp
iled\next-server\app-page.runt
ime.prod.js:12:60839)
    at nN (C:\Users\HuzaifaTan
veer\Desktop\all-projects\ds-w
eb\node_modules\next\dist\comp
iled\next-server\app-page.runt
ime.prod.js:12:64546)
    at nB (C:\Users\HuzaifaTan
veer\Desktop\all-projects\ds-w
eb\node_modules\next\dist\comp
iled\next-server\app-page.runt
ime.prod.js:12:67538)
    at nD (C:\Users\HuzaifaTan
veer\Desktop\all-projects\ds-w
eb\node_modules\next\dist\comp
iled\next-server\app-page.runt
ime.prod.js:12:66680)
    at nN (C:\Users\HuzaifaTan
veer\Desktop\all-projects\ds-w
eb\node_modules\next\dist\comp
iled\next-server\app-page.runt
ime.prod.js:12:64853)
    at nB (C:\Users\HuzaifaTan
veer\Desktop\all-projects\ds-w
eb\node_modules\next\dist\comp
iled\next-server\app-page.runt
ime.prod.js:12:67538)
    at nM (C:\Users\HuzaifaTan
veer\Desktop\all-projects\ds-w
eb\node_modules\next\dist\comp
iled\next-server\app-page.runt
ime.prod.js:12:58560) {
  digest: '3734513189'
}

Error occurred prerendering 
page "/services/native-app-dev
elopment-services". Read 
more: https://nextjs.org/docs/
messages/prerender-error

Error: Image with src "/native
-app-dev-andoid-icon.webp" is 
missing "loader" prop.
Read more: https://nextjs.org/
docs/messages/next-image-missi
ng-loader
    at s (C:\Users\HuzaifaTanv
eer\Desktop\all-projects\ds-we
b\.next\server\chunks\3572.js:
12:5252)
    at C:\Users\HuzaifaTanveer
\Desktop\all-projects\ds-web\.
next\server\chunks\3572.js:11:
92816
    at nj (C:\Users\HuzaifaTan
veer\Desktop\all-projects\ds-w
eb\node_modules\next\dist\comp
iled\next-server\app-page.runt
ime.prod.js:12:46251)
    at nM (C:\Users\HuzaifaTan
veer\Desktop\all-projects\ds-w
eb\node_modules\next\dist\comp
iled\next-server\app-page.runt
ime.prod.js:12:60839)
    at nN (C:\Users\HuzaifaTan
veer\Desktop\all-projects\ds-w
eb\node_modules\next\dist\comp
iled\next-server\app-page.runt
ime.prod.js:12:64546)
    at nB (C:\Users\HuzaifaTan
veer\Desktop\all-projects\ds-w
eb\node_modules\next\dist\comp
iled\next-server\app-page.runt
ime.prod.js:12:67538)
    at nD (C:\Users\HuzaifaTan
veer\Desktop\all-projects\ds-w
eb\node_modules\next\dist\comp
iled\next-server\app-page.runt
ime.prod.js:12:66680)
    at nN (C:\Users\HuzaifaTan
veer\Desktop\all-projects\ds-w
eb\node_modules\next\dist\comp
iled\next-server\app-page.runt
ime.prod.js:12:64853)
    at nB (C:\Users\HuzaifaTan
veer\Desktop\all-projects\ds-w
eb\node_modules\next\dist\comp
iled\next-server\app-page.runt
ime.prod.js:12:67538)
    at nM (C:\Users\HuzaifaTan
veer\Desktop\all-projects\ds-w
eb\node_modules\next\dist\comp
iled\next-server\app-page.runt
ime.prod.js:12:58560)
light them
Error: Image with src "/mainte
nance-hero-borders.webp" is 
missing "loader" prop.
Read more: https://nextjs.org/
docs/messages/next-image-missi
ng-loader
    at s (C:\Users\HuzaifaTanv
eer\Desktop\all-projects\ds-we
b\.next\server\chunks\3572.js:
12:5252)
    at C:\Users\HuzaifaTanveer
\Desktop\all-projects\ds-web\.
next\server\chunks\3572.js:11:
92816
    at nj (C:\Users\HuzaifaTan
veer\Desktop\all-projects\ds-w
eb\node_modules\next\dist\comp
iled\next-server\app-page.runt
ime.prod.js:12:46251)
    at nM (C:\Users\HuzaifaTan
veer\Desktop\all-projects\ds-w
eb\node_modules\next\dist\comp
iled\next-server\app-page.runt
ime.prod.js:12:60839)
    at nN (C:\Users\HuzaifaTan
veer\Desktop\all-projects\ds-w
eb\node_modules\next\dist\comp
iled\next-server\app-page.runt
ime.prod.js:12:64546)
    at nB (C:\Users\HuzaifaTan
veer\Desktop\all-projects\ds-w
eb\node_modules\next\dist\comp
iled\next-server\app-page.runt
ime.prod.js:12:67538)
    at nD (C:\Users\HuzaifaTan
veer\Desktop\all-projects\ds-w
eb\node_modules\next\dist\comp
iled\next-server\app-page.runt
ime.prod.js:12:66680)
    at nN (C:\Users\HuzaifaTan
veer\Desktop\all-projects\ds-w
eb\node_modules\next\dist\comp
iled\next-server\app-page.runt
ime.prod.js:12:64853)
    at nB (C:\Users\HuzaifaTan
veer\Desktop\all-projects\ds-w
eb\node_modules\next\dist\comp
iled\next-server\app-page.runt
ime.prod.js:12:67538)
    at nM (C:\Users\HuzaifaTan
veer\Desktop\all-projects\ds-w
eb\node_modules\next\dist\comp
iled\next-server\app-page.runt
ime.prod.js:12:58560) {
  digest: '2321821093'
}

Error occurred prerendering 
page "/services/mobile-applica
tion-support-and-maintenance-s
ervices". Read more: https://n
extjs.org/docs/messages/preren
der-error

Error: Image with src "/mainte
nance-hero-borders.webp" is 
missing "loader" prop.
Read more: https://nextjs.org/
docs/messages/next-image-missi
ng-loader
    at s (C:\Users\HuzaifaTanv
eer\Desktop\all-projects\ds-we
b\.next\server\chunks\3572.js:
12:5252)
    at C:\Users\HuzaifaTanveer
\Desktop\all-projects\ds-web\.
next\server\chunks\3572.js:11:
92816
    at nj (C:\Users\HuzaifaTan
veer\Desktop\all-projects\ds-w
eb\node_modules\next\dist\comp
iled\next-server\app-page.runt
ime.prod.js:12:46251)
    at nM (C:\Users\HuzaifaTan
veer\Desktop\all-projects\ds-w
eb\node_modules\next\dist\comp
iled\next-server\app-page.runt
ime.prod.js:12:60839)
    at nN (C:\Users\HuzaifaTan
veer\Desktop\all-projects\ds-w
eb\node_modules\next\dist\comp
iled\next-server\app-page.runt
ime.prod.js:12:64546)
    at nB (C:\Users\HuzaifaTan
veer\Desktop\all-projects\ds-w
eb\node_modules\next\dist\comp
iled\next-server\app-page.runt
ime.prod.js:12:67538)
    at nD (C:\Users\HuzaifaTan
veer\Desktop\all-projects\ds-w
eb\node_modules\next\dist\comp
iled\next-server\app-page.runt
ime.prod.js:12:66680)
    at nN (C:\Users\HuzaifaTan
veer\Desktop\all-projects\ds-w
eb\node_modules\next\dist\comp
iled\next-server\app-page.runt
ime.prod.js:12:64853)
    at nB (C:\Users\HuzaifaTan
veer\Desktop\all-projects\ds-w
eb\node_modules\next\dist\comp
iled\next-server\app-page.runt
ime.prod.js:12:67538)
    at nM (C:\Users\HuzaifaTan
veer\Desktop\all-projects\ds-w
eb\node_modules\next\dist\comp
iled\next-server\app-page.runt
ime.prod.js:12:58560)
pathname >>  /services/mobile-app-development
Error: Image with src "/servic
es/mobile-app/grad.webp" is 
missing "loader" prop.
Read more: https://nextjs.org/
docs/messages/next-image-missi
ng-loader
    at s (C:\Users\HuzaifaTanv
eer\Desktop\all-projects\ds-we
b\.next\server\chunks\3572.js:
12:5252)
    at C:\Users\HuzaifaTanveer
\Desktop\all-projects\ds-web\.
next\server\chunks\3572.js:11:
92816
    at nj (C:\Users\HuzaifaTan
veer\Desktop\all-projects\ds-w
eb\node_modules\next\dist\comp
iled\next-server\app-page.runt
ime.prod.js:12:46251)
    at nM (C:\Users\HuzaifaTan
veer\Desktop\all-projects\ds-w
eb\node_modules\next\dist\comp
iled\next-server\app-page.runt
ime.prod.js:12:60839)
    at nN (C:\Users\HuzaifaTan
veer\Desktop\all-projects\ds-w
eb\node_modules\next\dist\comp
iled\next-server\app-page.runt
ime.prod.js:12:64546)
    at nB (C:\Users\HuzaifaTan
veer\Desktop\all-projects\ds-w
eb\node_modules\next\dist\comp
iled\next-server\app-page.runt
ime.prod.js:12:67538)
    at nD (C:\Users\HuzaifaTan
veer\Desktop\all-projects\ds-w
eb\node_modules\next\dist\comp
iled\next-server\app-page.runt
ime.prod.js:12:66680)
    at nN (C:\Users\HuzaifaTan
veer\Desktop\all-projects\ds-w
eb\node_modules\next\dist\comp
iled\next-server\app-page.runt
ime.prod.js:12:64853)
    at nB (C:\Users\HuzaifaTan
veer\Desktop\all-projects\ds-w
eb\node_modules\next\dist\comp
iled\next-server\app-page.runt
ime.prod.js:12:67538)
    at nM (C:\Users\HuzaifaTan
veer\Desktop\all-projects\ds-w
eb\node_modules\next\dist\comp
iled\next-server\app-page.runt
ime.prod.js:12:58560) {
  digest: '2453386341'
}

Error occurred prerendering 
page "/services/mobile-app-dev
elopment". Read more: https://
nextjs.org/docs/messages/prere
nder-error

Error: Image with src "/servic
es/mobile-app/grad.webp" is 
missing "loader" prop.
Read more: https://nextjs.org/
docs/messages/next-image-missi
ng-loader
    at s (C:\Users\HuzaifaTanv
eer\Desktop\all-projects\ds-we
b\.next\server\chunks\3572.js:
12:5252)
    at C:\Users\HuzaifaTanveer
\Desktop\all-projects\ds-web\.
next\server\chunks\3572.js:11:
92816
    at nj (C:\Users\HuzaifaTan
veer\Desktop\all-projects\ds-w
eb\node_modules\next\dist\comp
iled\next-server\app-page.runt
ime.prod.js:12:46251)
    at nM (C:\Users\HuzaifaTan
veer\Desktop\all-projects\ds-w
eb\node_modules\next\dist\comp
iled\next-server\app-page.runt
ime.prod.js:12:60839)
    at nN (C:\Users\HuzaifaTan
veer\Desktop\all-projects\ds-w
eb\node_modules\next\dist\comp
iled\next-server\app-page.runt
ime.prod.js:12:64546)
    at nB (C:\Users\HuzaifaTan
veer\Desktop\all-projects\ds-w
eb\node_modules\next\dist\comp
iled\next-server\app-page.runt
ime.prod.js:12:67538)
    at nD (C:\Users\HuzaifaTan
veer\Desktop\all-projects\ds-w
eb\node_modules\next\dist\comp
iled\next-server\app-page.runt
ime.prod.js:12:66680)
    at nN (C:\Users\HuzaifaTan
veer\Desktop\all-projects\ds-w
eb\node_modules\next\dist\comp
iled\next-server\app-page.runt
ime.prod.js:12:64853)
    at nB (C:\Users\HuzaifaTan
veer\Desktop\all-projects\ds-w
eb\node_modules\next\dist\comp
iled\next-server\app-page.runt
ime.prod.js:12:67538)
    at nM (C:\Users\HuzaifaTan
veer\Desktop\all-projects\ds-w
eb\node_modules\next\dist\comp
iled\next-server\app-page.runt
ime.prod.js:12:58560)
light them
pathname >>  /gmb/contact-us
pathname >>  /services/web-app-development
Error: Image with src 
"/services/web-app/grad.webp" 
is missing "loader" prop.
Read more: https://nextjs.org/
docs/messages/next-image-missi
ng-loader
    at s (C:\Users\HuzaifaTanv
eer\Desktop\all-projects\ds-we
b\.next\server\chunks\3572.js:
12:5252)
    at C:\Users\HuzaifaTanveer
\Desktop\all-projects\ds-web\.
next\server\chunks\3572.js:11:
92816
    at nj (C:\Users\HuzaifaTan
veer\Desktop\all-projects\ds-w
eb\node_modules\next\dist\comp
iled\next-server\app-page.runt
ime.prod.js:12:46251)
    at nM (C:\Users\HuzaifaTan
veer\Desktop\all-projects\ds-w
eb\node_modules\next\dist\comp
iled\next-server\app-page.runt
ime.prod.js:12:60839)
pathname >>  /services/progressive-web-app-development
    at nN (C:\Users\HuzaifaTan
veer\Desktop\all-projects\ds-w
eb\node_modules\next\dist\comp
iled\next-server\app-page.runt
ime.prod.js:12:64546)
    at nB (C:\Users\HuzaifaTan
veer\Desktop\all-projects\ds-w
eb\node_modules\next\dist\comp
iled\next-server\app-page.runt
ime.prod.js:12:67538)
    at nD (C:\Users\HuzaifaTan
veer\Desktop\all-projects\ds-w
eb\node_modules\next\dist\comp
iled\next-server\app-page.runt
ime.prod.js:12:66680)
    at nN (C:\Users\HuzaifaTan
veer\Desktop\all-projects\ds-w
eb\node_modules\next\dist\comp
iled\next-server\app-page.runt
ime.prod.js:12:64853)
    at nB (C:\Users\HuzaifaTan
veer\Desktop\all-projects\ds-w
eb\node_modules\next\dist\comp
iled\next-server\app-page.runt
ime.prod.js:12:67538)
    at nM (C:\Users\HuzaifaTan
veer\Desktop\all-projects\ds-w
eb\node_modules\next\dist\comp
iled\next-server\app-page.runt
ime.prod.js:12:58560) {
  digest: '1115620453'
}

Error occurred prerendering 
page "/services/web-app-develo
pment". Read more: https://nex
tjs.org/docs/messages/prerende
r-error

Error: Image with src 
"/services/web-app/grad.webp" 
is missing "loader" prop.
Read more: https://nextjs.org/
docs/messages/next-image-missi
ng-loader
    at s (C:\Users\HuzaifaTanv
eer\Desktop\all-projects\ds-we
b\.next\server\chunks\3572.js:
12:5252)
    at C:\Users\HuzaifaTanveer
\Desktop\all-projects\ds-web\.
next\server\chunks\3572.js:11:
92816
    at nj (C:\Users\HuzaifaTan
veer\Desktop\all-projects\ds-w
eb\node_modules\next\dist\comp
iled\next-server\app-page.runt
ime.prod.js:12:46251)
    at nM (C:\Users\HuzaifaTan
veer\Desktop\all-projects\ds-w
eb\node_modules\next\dist\comp
iled\next-server\app-page.runt
ime.prod.js:12:60839)
    at nN (C:\Users\HuzaifaTan
veer\Desktop\all-projects\ds-w
eb\node_modules\next\dist\comp
iled\next-server\app-page.runt
ime.prod.js:12:64546)
    at nB (C:\Users\HuzaifaTan
veer\Desktop\all-projects\ds-w
eb\node_modules\next\dist\comp
iled\next-server\app-page.runt
ime.prod.js:12:67538)
    at nD (C:\Users\HuzaifaTan
veer\Desktop\all-projects\ds-w
eb\node_modules\next\dist\comp
iled\next-server\app-page.runt
ime.prod.js:12:66680)
    at nN (C:\Users\HuzaifaTan
veer\Desktop\all-projects\ds-w
eb\node_modules\next\dist\comp
iled\next-server\app-page.runt
ime.prod.js:12:64853)
    at nB (C:\Users\HuzaifaTan
veer\Desktop\all-projects\ds-w
eb\node_modules\next\dist\comp
iled\next-server\app-page.runt
ime.prod.js:12:67538)
    at nM (C:\Users\HuzaifaTan
veer\Desktop\all-projects\ds-w
eb\node_modules\next\dist\comp
iled\next-server\app-page.runt
ime.prod.js:12:58560)
Error: Image with src "/servic
es/pwa-app/laptop.png" is 
missing "loader" prop.
Read more: https://nextjs.org/
docs/messages/next-image-missi
ng-loader
    at s (C:\Users\HuzaifaTanv
eer\Desktop\all-projects\ds-we
b\.next\server\chunks\3572.js:
12:5252)
    at C:\Users\HuzaifaTanveer
\Desktop\all-projects\ds-web\.
next\server\chunks\3572.js:11:
92816
    at nj (C:\Users\HuzaifaTan
veer\Desktop\all-projects\ds-w
eb\node_modules\next\dist\comp
iled\next-server\app-page.runt
ime.prod.js:12:46251)
    at nM (C:\Users\HuzaifaTan
veer\Desktop\all-projects\ds-w
eb\node_modules\next\dist\comp
iled\next-server\app-page.runt
ime.prod.js:12:60839)
    at nN (C:\Users\HuzaifaTan
veer\Desktop\all-projects\ds-w
eb\node_modules\next\dist\comp
iled\next-server\app-page.runt
ime.prod.js:12:64546)
    at nB (C:\Users\HuzaifaTan
veer\Desktop\all-projects\ds-w
eb\node_modules\next\dist\comp
iled\next-server\app-page.runt
ime.prod.js:12:67538)
    at nM (C:\Users\HuzaifaTan
veer\Desktop\all-projects\ds-w
eb\node_modules\next\dist\comp
iled\next-server\app-page.runt
ime.prod.js:12:58560)
    at nN (C:\Users\HuzaifaTan
veer\Desktop\all-projects\ds-w
eb\node_modules\next\dist\comp
iled\next-server\app-page.runt
ime.prod.js:12:64546)
    at nB (C:\Users\HuzaifaTan
veer\Desktop\all-projects\ds-w
eb\node_modules\next\dist\comp
iled\next-server\app-page.runt
ime.prod.js:12:67538)
    at nD (C:\Users\HuzaifaTan
veer\Desktop\all-projects\ds-w
eb\node_modules\next\dist\comp
iled\next-server\app-page.runt
ime.prod.js:12:66680) {
  digest: '4275759052'
}

Error occurred prerendering 
page "/services/progressive-we
b-app-development". Read 
more: https://nextjs.org/docs/
messages/prerender-error

Error: Image with src "/servic
es/pwa-app/laptop.png" is 
missing "loader" prop.
Read more: https://nextjs.org/
docs/messages/next-image-missi
ng-loader
    at s (C:\Users\HuzaifaTanv
eer\Desktop\all-projects\ds-we
b\.next\server\chunks\3572.js:
12:5252)
    at C:\Users\HuzaifaTanveer
\Desktop\all-projects\ds-web\.
next\server\chunks\3572.js:11:
92816
    at nj (C:\Users\HuzaifaTan
veer\Desktop\all-projects\ds-w
eb\node_modules\next\dist\comp
iled\next-server\app-page.runt
ime.prod.js:12:46251)
    at nM (C:\Users\HuzaifaTan
veer\Desktop\all-projects\ds-w
eb\node_modules\next\dist\comp
iled\next-server\app-page.runt
ime.prod.js:12:60839)
    at nN (C:\Users\HuzaifaTan
veer\Desktop\all-projects\ds-w
eb\node_modules\next\dist\comp
iled\next-server\app-page.runt
ime.prod.js:12:64546)
    at nB (C:\Users\HuzaifaTan
veer\Desktop\all-projects\ds-w
eb\node_modules\next\dist\comp
iled\next-server\app-page.runt
ime.prod.js:12:67538)
    at nM (C:\Users\HuzaifaTan
veer\Desktop\all-projects\ds-w
eb\node_modules\next\dist\comp
iled\next-server\app-page.runt
ime.prod.js:12:58560)
    at nN (C:\Users\HuzaifaTan
veer\Desktop\all-projects\ds-w
eb\node_modules\next\dist\comp
iled\next-server\app-page.runt
ime.prod.js:12:64546)
    at nB (C:\Users\HuzaifaTan
veer\Desktop\all-projects\ds-w
eb\node_modules\next\dist\comp
iled\next-server\app-page.runt
ime.prod.js:12:67538)
    at nD (C:\Users\HuzaifaTan
veer\Desktop\all-projects\ds-w
eb\node_modules\next\dist\comp
iled\next-server\app-page.runt
ime.prod.js:12:66680)
pathname >>  /technologies/ai-automation-services
pathname >>  /technologies/cross-platform-app-development
Error: Image with src "/techno
logies/cross/grad.png" is 
missing "loader" prop.
Read more: https://nextjs.org/
docs/messages/next-image-missi
ng-loader
    at s (C:\Users\HuzaifaTanv
eer\Desktop\all-projects\ds-we
b\.next\server\chunks\3572.js:
12:5252)
    at C:\Users\HuzaifaTanveer
\Desktop\all-projects\ds-web\.
next\server\chunks\3572.js:11:
92816
    at nj (C:\Users\HuzaifaTan
veer\Desktop\all-projects\ds-w
eb\node_modules\next\dist\comp
iled\next-server\app-page.runt
ime.prod.js:12:46251)
    at nM (C:\Users\HuzaifaTan
veer\Desktop\all-projects\ds-w
eb\node_modules\next\dist\comp
iled\next-server\app-page.runt
ime.prod.js:12:60839)
    at nN (C:\Users\HuzaifaTan
veer\Desktop\all-projects\ds-w
eb\node_modules\next\dist\comp
iled\next-server\app-page.runt
ime.prod.js:12:64546)
    at nB (C:\Users\HuzaifaTan
veer\Desktop\all-projects\ds-w
eb\node_modules\next\dist\comp
iled\next-server\app-page.runt
ime.prod.js:12:67538)
    at nM (C:\Users\HuzaifaTan
veer\Desktop\all-projects\ds-w
eb\node_modules\next\dist\comp
iled\next-server\app-page.runt
ime.prod.js:12:58560)
    at nN (C:\Users\HuzaifaTan
veer\Desktop\all-projects\ds-w
eb\node_modules\next\dist\comp
iled\next-server\app-page.runt
ime.prod.js:12:64546)
    at nB (C:\Users\HuzaifaTan
veer\Desktop\all-projects\ds-w
eb\node_modules\next\dist\comp
iled\next-server\app-page.runt
ime.prod.js:12:67538)
    at nD (C:\Users\HuzaifaTan
veer\Desktop\all-projects\ds-w
eb\node_modules\next\dist\comp
iled\next-server\app-page.runt
ime.prod.js:12:66680) {
  digest: '1145997132'
}

Error occurred prerendering 
page "/technologies/cross-plat
form-app-development". Read 
more: https://nextjs.org/docs/
messages/prerender-error

Error: Image with src "/techno
logies/cross/grad.png" is 
missing "loader" prop.
Read more: https://nextjs.org/
docs/messages/next-image-missi
ng-loader
    at s (C:\Users\HuzaifaTanv
eer\Desktop\all-projects\ds-we
b\.next\server\chunks\3572.js:
12:5252)
    at C:\Users\HuzaifaTanveer
\Desktop\all-projects\ds-web\.
next\server\chunks\3572.js:11:
92816
    at nj (C:\Users\HuzaifaTan
veer\Desktop\all-projects\ds-w
eb\node_modules\next\dist\comp
iled\next-server\app-page.runt
ime.prod.js:12:46251)
    at nM (C:\Users\HuzaifaTan
veer\Desktop\all-projects\ds-w
eb\node_modules\next\dist\comp
iled\next-server\app-page.runt
ime.prod.js:12:60839)
    at nN (C:\Users\HuzaifaTan
veer\Desktop\all-projects\ds-w
eb\node_modules\next\dist\comp
iled\next-server\app-page.runt
ime.prod.js:12:64546)
    at nB (C:\Users\HuzaifaTan
veer\Desktop\all-projects\ds-w
eb\node_modules\next\dist\comp
iled\next-server\app-page.runt
ime.prod.js:12:67538)
    at nM (C:\Users\HuzaifaTan
veer\Desktop\all-projects\ds-w
eb\node_modules\next\dist\comp
iled\next-server\app-page.runt
ime.prod.js:12:58560)
    at nN (C:\Users\HuzaifaTan
veer\Desktop\all-projects\ds-w
eb\node_modules\next\dist\comp
iled\next-server\app-page.runt
ime.prod.js:12:64546)
    at nB (C:\Users\HuzaifaTan
veer\Desktop\all-projects\ds-w
eb\node_modules\next\dist\comp
iled\next-server\app-page.runt
ime.prod.js:12:67538)
    at nD (C:\Users\HuzaifaTan
veer\Desktop\all-projects\ds-w
eb\node_modules\next\dist\comp
iled\next-server\app-page.runt
ime.prod.js:12:66680)
Error: Image with src 
"/technologies/ai/circle.png" 
is missing "loader" prop.
Read more: https://nextjs.org/
docs/messages/next-image-missi
ng-loader
    at s (C:\Users\HuzaifaTanv
eer\Desktop\all-projects\ds-we
b\.next\server\chunks\3572.js:
12:5252)
    at C:\Users\HuzaifaTanveer
\Desktop\all-projects\ds-web\.
next\server\chunks\3572.js:11:
92816
    at nj (C:\Users\HuzaifaTan
veer\Desktop\all-projects\ds-w
eb\node_modules\next\dist\comp
iled\next-server\app-page.runt
ime.prod.js:12:46251)
    at nM (C:\Users\HuzaifaTan
veer\Desktop\all-projects\ds-w
eb\node_modules\next\dist\comp
iled\next-server\app-page.runt
ime.prod.js:12:60839)
    at nN (C:\Users\HuzaifaTan
veer\Desktop\all-projects\ds-w
eb\node_modules\next\dist\comp
iled\next-server\app-page.runt
ime.prod.js:12:64546)
    at nB (C:\Users\HuzaifaTan
veer\Desktop\all-projects\ds-w
eb\node_modules\next\dist\comp
iled\next-server\app-page.runt
ime.prod.js:12:67538)
    at nD (C:\Users\HuzaifaTan
veer\Desktop\all-projects\ds-w
eb\node_modules\next\dist\comp
iled\next-server\app-page.runt
ime.prod.js:12:66680)
    at nN (C:\Users\HuzaifaTan
veer\Desktop\all-projects\ds-w
eb\node_modules\next\dist\comp
iled\next-server\app-page.runt
ime.prod.js:12:64853)
    at nB (C:\Users\HuzaifaTan
veer\Desktop\all-projects\ds-w
eb\node_modules\next\dist\comp
iled\next-server\app-page.runt
ime.prod.js:12:67538)
    at nM (C:\Users\HuzaifaTan
veer\Desktop\all-projects\ds-w
eb\node_modules\next\dist\comp
iled\next-server\app-page.runt
ime.prod.js:12:58560) {
  digest: '2233621189'
}

Error occurred prerendering 
page "/technologies/ai-automat
ion-services". Read more: http
s://nextjs.org/docs/messages/p
rerender-error

Error: Image with src 
"/technologies/ai/circle.png" 
is missing "loader" prop.
Read more: https://nextjs.org/
docs/messages/next-image-missi
ng-loader
    at s (C:\Users\HuzaifaTanv
eer\Desktop\all-projects\ds-we
b\.next\server\chunks\3572.js:
12:5252)
    at C:\Users\HuzaifaTanveer
\Desktop\all-projects\ds-web\.
next\server\chunks\3572.js:11:
92816
    at nj (C:\Users\HuzaifaTan
veer\Desktop\all-projects\ds-w
eb\node_modules\next\dist\comp
iled\next-server\app-page.runt
ime.prod.js:12:46251)
    at nM (C:\Users\HuzaifaTan
veer\Desktop\all-projects\ds-w
eb\node_modules\next\dist\comp
iled\next-server\app-page.runt
ime.prod.js:12:60839)
    at nN (C:\Users\HuzaifaTan
veer\Desktop\all-projects\ds-w
eb\node_modules\next\dist\comp
iled\next-server\app-page.runt
ime.prod.js:12:64546)
    at nB (C:\Users\HuzaifaTan
veer\Desktop\all-projects\ds-w
eb\node_modules\next\dist\comp
iled\next-server\app-page.runt
ime.prod.js:12:67538)
    at nD (C:\Users\HuzaifaTan
veer\Desktop\all-projects\ds-w
eb\node_modules\next\dist\comp
iled\next-server\app-page.runt
ime.prod.js:12:66680)
    at nN (C:\Users\HuzaifaTan
veer\Desktop\all-projects\ds-w
eb\node_modules\next\dist\comp
iled\next-server\app-page.runt
ime.prod.js:12:64853)
    at nB (C:\Users\HuzaifaTan
veer\Desktop\all-projects\ds-w
eb\node_modules\next\dist\comp
iled\next-server\app-page.runt
ime.prod.js:12:67538)
    at nM (C:\Users\HuzaifaTan
veer\Desktop\all-projects\ds-w
eb\node_modules\next\dist\comp
iled\next-server\app-page.runt
ime.prod.js:12:58560)
pathname >>  /technologies/flutter-app-development
Error: Image with src "/techno
logies/flutter/circles.png" 
is missing "loader" prop.
Read more: https://nextjs.org/
docs/messages/next-image-missi
ng-loader
    at s (C:\Users\HuzaifaTanv
eer\Desktop\all-projects\ds-we
b\.next\server\chunks\3572.js:
12:5252)
    at C:\Users\HuzaifaTanveer
\Desktop\all-projects\ds-web\.
next\server\chunks\3572.js:11:
92816
    at nj (C:\Users\HuzaifaTan
veer\Desktop\all-projects\ds-w
eb\node_modules\next\dist\comp
iled\next-server\app-page.runt
ime.prod.js:12:46251)
    at nM (C:\Users\HuzaifaTan
veer\Desktop\all-projects\ds-w
eb\node_modules\next\dist\comp
iled\next-server\app-page.runt
ime.prod.js:12:60839)
    at nN (C:\Users\HuzaifaTan
veer\Desktop\all-projects\ds-w
eb\node_modules\next\dist\comp
iled\next-server\app-page.runt
ime.prod.js:12:64546)
    at nB (C:\Users\HuzaifaTan
veer\Desktop\all-projects\ds-w
eb\node_modules\next\dist\comp
iled\next-server\app-page.runt
ime.prod.js:12:67538)
    at nD (C:\Users\HuzaifaTan
veer\Desktop\all-projects\ds-w
eb\node_modules\next\dist\comp
iled\next-server\app-page.runt
ime.prod.js:12:66680)
    at nN (C:\Users\HuzaifaTan
veer\Desktop\all-projects\ds-w
eb\node_modules\next\dist\comp
iled\next-server\app-page.runt
ime.prod.js:12:64853)
    at nB (C:\Users\HuzaifaTan
veer\Desktop\all-projects\ds-w
eb\node_modules\next\dist\comp
iled\next-server\app-page.runt
ime.prod.js:12:67538)
    at nM (C:\Users\HuzaifaTan
veer\Desktop\all-projects\ds-w
eb\node_modules\next\dist\comp
iled\next-server\app-page.runt
ime.prod.js:12:58560) {
  digest: '1299157669'
}

Error occurred prerendering 
page "/technologies/flutter-ap
p-development". Read more: htt
ps://nextjs.org/docs/messages/
prerender-error

Error: Image with src "/techno
logies/flutter/circles.png" 
is missing "loader" prop.
Read more: https://nextjs.org/
docs/messages/next-image-missi
ng-loader
    at s (C:\Users\HuzaifaTanv
eer\Desktop\all-projects\ds-we
b\.next\server\chunks\3572.js:
12:5252)
    at C:\Users\HuzaifaTanveer
\Desktop\all-projects\ds-web\.
next\server\chunks\3572.js:11:
92816
    at nj (C:\Users\HuzaifaTan
veer\Desktop\all-projects\ds-w
eb\node_modules\next\dist\comp
iled\next-server\app-page.runt
ime.prod.js:12:46251)
    at nM (C:\Users\HuzaifaTan
veer\Desktop\all-projects\ds-w
eb\node_modules\next\dist\comp
iled\next-server\app-page.runt
ime.prod.js:12:60839)
    at nN (C:\Users\HuzaifaTan
veer\Desktop\all-projects\ds-w
eb\node_modules\next\dist\comp
iled\next-server\app-page.runt
ime.prod.js:12:64546)
    at nB (C:\Users\HuzaifaTan
veer\Desktop\all-projects\ds-w
eb\node_modules\next\dist\comp
iled\next-server\app-page.runt
ime.prod.js:12:67538)
    at nD (C:\Users\HuzaifaTan
veer\Desktop\all-projects\ds-w
eb\node_modules\next\dist\comp
iled\next-server\app-page.runt
ime.prod.js:12:66680)
    at nN (C:\Users\HuzaifaTan
veer\Desktop\all-projects\ds-w
eb\node_modules\next\dist\comp
iled\next-server\app-page.runt
ime.prod.js:12:64853)
    at nB (C:\Users\HuzaifaTan
veer\Desktop\all-projects\ds-w
eb\node_modules\next\dist\comp
iled\next-server\app-page.runt
ime.prod.js:12:67538)
    at nM (C:\Users\HuzaifaTan
veer\Desktop\all-projects\ds-w
eb\node_modules\next\dist\comp
iled\next-server\app-page.runt
ime.prod.js:12:58560)
pathname >>  /terms-and-conditions
light them
pathname >>  /technologies/react-native-app-development
Error: Image with src "/techno
logies/flutter/circles.png" 
is missing "loader" prop.
Read more: https://nextjs.org/
docs/messages/next-image-missi
ng-loader
    at s (C:\Users\HuzaifaTanv
eer\Desktop\all-projects\ds-we
b\.next\server\chunks\3572.js:
12:5252)
    at C:\Users\HuzaifaTanveer
\Desktop\all-projects\ds-web\.
next\server\chunks\3572.js:11:
92816
    at nj (C:\Users\HuzaifaTan
veer\Desktop\all-projects\ds-w
eb\node_modules\next\dist\comp
iled\next-server\app-page.runt
ime.prod.js:12:46251)
    at nM (C:\Users\HuzaifaTan
veer\Desktop\all-projects\ds-w
eb\node_modules\next\dist\comp
iled\next-server\app-page.runt
ime.prod.js:12:60839)
    at nN (C:\Users\HuzaifaTan
veer\Desktop\all-projects\ds-w
eb\node_modules\next\dist\comp
iled\next-server\app-page.runt
ime.prod.js:12:64546)
    at nB (C:\Users\HuzaifaTan
veer\Desktop\all-projects\ds-w
eb\node_modules\next\dist\comp
iled\next-server\app-page.runt
ime.prod.js:12:67538)
    at nD (C:\Users\HuzaifaTan
veer\Desktop\all-projects\ds-w
eb\node_modules\next\dist\comp
iled\next-server\app-page.runt
ime.prod.js:12:66680)
    at nN (C:\Users\HuzaifaTan
veer\Desktop\all-projects\ds-w
eb\node_modules\next\dist\comp
iled\next-server\app-page.runt
ime.prod.js:12:64853)
    at nB (C:\Users\HuzaifaTan
veer\Desktop\all-projects\ds-w
eb\node_modules\next\dist\comp
iled\next-server\app-page.runt
ime.prod.js:12:67538)
    at nM (C:\Users\HuzaifaTan
veer\Desktop\all-projects\ds-w
eb\node_modules\next\dist\comp
iled\next-server\app-page.runt
ime.prod.js:12:58560) {
  digest: '1299157669'
}

Error occurred prerendering 
page "/technologies/react-nati
ve-app-development". Read 
more: https://nextjs.org/docs/
messages/prerender-error

Error: Image with src "/techno
logies/flutter/circles.png" 
is missing "loader" prop.
Read more: https://nextjs.org/
docs/messages/next-image-missi
ng-loader
    at s (C:\Users\HuzaifaTanv
eer\Desktop\all-projects\ds-we
b\.next\server\chunks\3572.js:
12:5252)
    at C:\Users\HuzaifaTanveer
\Desktop\all-projects\ds-web\.
next\server\chunks\3572.js:11:
92816
    at nj (C:\Users\HuzaifaTan
veer\Desktop\all-projects\ds-w
eb\node_modules\next\dist\comp
iled\next-server\app-page.runt
ime.prod.js:12:46251)
    at nM (C:\Users\HuzaifaTan
veer\Desktop\all-projects\ds-w
eb\node_modules\next\dist\comp
iled\next-server\app-page.runt
ime.prod.js:12:60839)
    at nN (C:\Users\HuzaifaTan
veer\Desktop\all-projects\ds-w
eb\node_modules\next\dist\comp
iled\next-server\app-page.runt
ime.prod.js:12:64546)
    at nB (C:\Users\HuzaifaTan
veer\Desktop\all-projects\ds-w
eb\node_modules\next\dist\comp
iled\next-server\app-page.runt
ime.prod.js:12:67538)
    at nD (C:\Users\HuzaifaTan
veer\Desktop\all-projects\ds-w
eb\node_modules\next\dist\comp
iled\next-server\app-page.runt
ime.prod.js:12:66680)
    at nN (C:\Users\HuzaifaTan
veer\Desktop\all-projects\ds-w
eb\node_modules\next\dist\comp
iled\next-server\app-page.runt
ime.prod.js:12:64853)
    at nB (C:\Users\HuzaifaTan
veer\Desktop\all-projects\ds-w
eb\node_modules\next\dist\comp
iled\next-server\app-page.runt
ime.prod.js:12:67538)
    at nM (C:\Users\HuzaifaTan
veer\Desktop\all-projects\ds-w
eb\node_modules\next\dist\comp
iled\next-server\app-page.runt
ime.prod.js:12:58560)
pathname >>  /ecommerce/shopify-store-development
Error: Image with src "/ecomme
rce/shopify-store/laptop.png" 
is missing "loader" prop.
Read more: https://nextjs.org/
docs/messages/next-image-missi
ng-loader
    at s (C:\Users\HuzaifaTanv
eer\Desktop\all-projects\ds-we
b\.next\server\chunks\3572.js:
12:5252)
    at C:\Users\HuzaifaTanveer
\Desktop\all-projects\ds-web\.
next\server\chunks\3572.js:11:
92816
    at nj (C:\Users\HuzaifaTan
veer\Desktop\all-projects\ds-w
eb\node_modules\next\dist\comp
iled\next-server\app-page.runt
ime.prod.js:12:46251)
    at nM (C:\Users\HuzaifaTan
veer\Desktop\all-projects\ds-w
eb\node_modules\next\dist\comp
iled\next-server\app-page.runt
ime.prod.js:12:60839)
    at nN (C:\Users\HuzaifaTan
veer\Desktop\all-projects\ds-w
eb\node_modules\next\dist\comp
iled\next-server\app-page.runt
ime.prod.js:12:64546)
pathname >>  /ecommerce/shopify-app-development
    at nB (C:\Users\HuzaifaTan
veer\Desktop\all-projects\ds-w
eb\node_modules\next\dist\comp
iled\next-server\app-page.runt
ime.prod.js:12:67538)
    at nD (C:\Users\HuzaifaTan
veer\Desktop\all-projects\ds-w
eb\node_modules\next\dist\comp
iled\next-server\app-page.runt
ime.prod.js:12:66680)
    at nN (C:\Users\HuzaifaTan
veer\Desktop\all-projects\ds-w
eb\node_modules\next\dist\comp
iled\next-server\app-page.runt
ime.prod.js:12:64853)
    at nB (C:\Users\HuzaifaTan
veer\Desktop\all-projects\ds-w
eb\node_modules\next\dist\comp
iled\next-server\app-page.runt
ime.prod.js:12:67538)
    at nM (C:\Users\HuzaifaTan
veer\Desktop\all-projects\ds-w
eb\node_modules\next\dist\comp
iled\next-server\app-page.runt
ime.prod.js:12:58560) {
  digest: '840339909'
}

Error occurred prerendering 
page "/ecommerce/shopify-store
-development". Read more: http
s://nextjs.org/docs/messages/p
rerender-error

Error: Image with src "/ecomme
rce/shopify-store/laptop.png" 
is missing "loader" prop.
Read more: https://nextjs.org/
docs/messages/next-image-missi
ng-loader
    at s (C:\Users\HuzaifaTanv
eer\Desktop\all-projects\ds-we
b\.next\server\chunks\3572.js:
12:5252)
    at C:\Users\HuzaifaTanveer
\Desktop\all-projects\ds-web\.
next\server\chunks\3572.js:11:
92816
    at nj (C:\Users\HuzaifaTan
veer\Desktop\all-projects\ds-w
eb\node_modules\next\dist\comp
iled\next-server\app-page.runt
ime.prod.js:12:46251)
    at nM (C:\Users\HuzaifaTan
veer\Desktop\all-projects\ds-w
eb\node_modules\next\dist\comp
iled\next-server\app-page.runt
ime.prod.js:12:60839)
    at nN (C:\Users\HuzaifaTan
veer\Desktop\all-projects\ds-w
eb\node_modules\next\dist\comp
iled\next-server\app-page.runt
ime.prod.js:12:64546)
    at nB (C:\Users\HuzaifaTan
veer\Desktop\all-projects\ds-w
eb\node_modules\next\dist\comp
iled\next-server\app-page.runt
ime.prod.js:12:67538)
    at nD (C:\Users\HuzaifaTan
veer\Desktop\all-projects\ds-w
eb\node_modules\next\dist\comp
iled\next-server\app-page.runt
ime.prod.js:12:66680)
    at nN (C:\Users\HuzaifaTan
veer\Desktop\all-projects\ds-w
eb\node_modules\next\dist\comp
iled\next-server\app-page.runt
ime.prod.js:12:64853)
    at nB (C:\Users\HuzaifaTan
veer\Desktop\all-projects\ds-w
eb\node_modules\next\dist\comp
iled\next-server\app-page.runt
ime.prod.js:12:67538)
    at nM (C:\Users\HuzaifaTan
veer\Desktop\all-projects\ds-w
eb\node_modules\next\dist\comp
iled\next-server\app-page.runt
ime.prod.js:12:58560)
Error: Image with src "/ecomme
rce/shopify-app/laptop.png" 
is missing "loader" prop.
Read more: https://nextjs.org/
docs/messages/next-image-missi
ng-loader
    at s (C:\Users\HuzaifaTanv
eer\Desktop\all-projects\ds-we
b\.next\server\chunks\3572.js:
12:5252)
    at C:\Users\HuzaifaTanveer
\Desktop\all-projects\ds-web\.
next\server\chunks\3572.js:11:
92816
    at nj (C:\Users\HuzaifaTan
veer\Desktop\all-projects\ds-w
eb\node_modules\next\dist\comp
iled\next-server\app-page.runt
ime.prod.js:12:46251)
    at nM (C:\Users\HuzaifaTan
veer\Desktop\all-projects\ds-w
eb\node_modules\next\dist\comp
iled\next-server\app-page.runt
ime.prod.js:12:60839)
    at nN (C:\Users\HuzaifaTan
veer\Desktop\all-projects\ds-w
eb\node_modules\next\dist\comp
iled\next-server\app-page.runt
ime.prod.js:12:64546)
    at nB (C:\Users\HuzaifaTan
veer\Desktop\all-projects\ds-w
eb\node_modules\next\dist\comp
iled\next-server\app-page.runt
ime.prod.js:12:67538)
    at nD (C:\Users\HuzaifaTan
veer\Desktop\all-projects\ds-w
eb\node_modules\next\dist\comp
iled\next-server\app-page.runt
ime.prod.js:12:66680)
    at nN (C:\Users\HuzaifaTan
veer\Desktop\all-projects\ds-w
eb\node_modules\next\dist\comp
iled\next-server\app-page.runt
ime.prod.js:12:64853)
    at nB (C:\Users\HuzaifaTan
veer\Desktop\all-projects\ds-w
eb\node_modules\next\dist\comp
iled\next-server\app-page.runt
ime.prod.js:12:67538)
    at nM (C:\Users\HuzaifaTan
veer\Desktop\all-projects\ds-w
eb\node_modules\next\dist\comp
iled\next-server\app-page.runt
ime.prod.js:12:58560) {
  digest: '1915573637'
}

Error occurred prerendering 
page "/ecommerce/shopify-app-d
evelopment". Read more: https:
//nextjs.org/docs/messages/pre
render-error

Error: Image with src "/ecomme
rce/shopify-app/laptop.png" 
is missing "loader" prop.
Read more: https://nextjs.org/
docs/messages/next-image-missi
ng-loader
    at s (C:\Users\HuzaifaTanv
eer\Desktop\all-projects\ds-we
b\.next\server\chunks\3572.js:
12:5252)
    at C:\Users\HuzaifaTanveer
\Desktop\all-projects\ds-web\.
next\server\chunks\3572.js:11:
92816
    at nj (C:\Users\HuzaifaTan
veer\Desktop\all-projects\ds-w
eb\node_modules\next\dist\comp
iled\next-server\app-page.runt
ime.prod.js:12:46251)
    at nM (C:\Users\HuzaifaTan
veer\Desktop\all-projects\ds-w
eb\node_modules\next\dist\comp
iled\next-server\app-page.runt
ime.prod.js:12:60839)
    at nN (C:\Users\HuzaifaTan
veer\Desktop\all-projects\ds-w
eb\node_modules\next\dist\comp
iled\next-server\app-page.runt
ime.prod.js:12:64546)
    at nB (C:\Users\HuzaifaTan
veer\Desktop\all-projects\ds-w
eb\node_modules\next\dist\comp
iled\next-server\app-page.runt
ime.prod.js:12:67538)
    at nD (C:\Users\HuzaifaTan
veer\Desktop\all-projects\ds-w
eb\node_modules\next\dist\comp
iled\next-server\app-page.runt
ime.prod.js:12:66680)
    at nN (C:\Users\HuzaifaTan
veer\Desktop\all-projects\ds-w
eb\node_modules\next\dist\comp
iled\next-server\app-page.runt
ime.prod.js:12:64853)
    at nB (C:\Users\HuzaifaTan
veer\Desktop\all-projects\ds-w
eb\node_modules\next\dist\comp
iled\next-server\app-page.runt
ime.prod.js:12:67538)
    at nM (C:\Users\HuzaifaTan
veer\Desktop\all-projects\ds-w
eb\node_modules\next\dist\comp
iled\next-server\app-page.runt
ime.prod.js:12:58560)
 Γ£ô Generating static pages (70/70)

> Export encountered errors 
on following paths:
	/ecommerce/ecommerce-app-deve
lopment/page: /ecommerce/ecomm
erce-app-development
	/ecommerce/shopify-app-develo
pment/page: /ecommerce/shopify
-app-development
	/ecommerce/shopify-store-deve
lopment/page: /ecommerce/shopi
fy-store-development
	/locations/mobile-app-develop
ment-chicago/page: /locations/
mobile-app-development-chicago
	/locations/mobile-app-develop
ment-miami/page: /locations/mo
bile-app-development-miami
	/locations/mobile-app-develop
ment-seattle/page: /locations/
mobile-app-development-seattle
	/locations/mobile-app-develop
ment-tampa/page: /locations/mo
bile-app-development-tampa
	/locations/mobile-app-develop
ment-texas/page: /locations/mo
bile-app-development-texas
	/locations/mobile-app-develop
ment-washington/page: /locatio
ns/mobile-app-development-wash
ington
	/lp/mobile-app-development/pa
ge: /lp/mobile-app-development
	/lp2/mobile-app-development/p
age: 
/lp2/mobile-app-development
	/services/android-app-develop
ment-services/page: /services/
android-app-development-servic
es
	/services/android-mobile-app-
design-services/page: /service
s/android-mobile-app-design-se
rvices
	/services/hire-android-app-de
velopers/page: /services/hire-
android-app-developers
	/services/hire-ios-app-develo
pers/page: /services/hire-ios-
app-developers
	/services/hire-mobile-app-dev
elopers/page: /services/hire-m
obile-app-developers
	/services/hybrid-app-developm
ent-services/page: /services/h
ybrid-app-development-services
	/services/ios-app-design-serv
ices/page: /services/ios-app-d
esign-services
	/services/mobile-app-design-s
ervices/page: /services/mobile
-app-design-services
	/services/mobile-app-developm
ent/page: /services/mobile-app
-development
	/services/mobile-application-
support-and-maintenance-servic
es/page: /services/mobile-appl
ication-support-and-maintenanc
e-services
	/services/native-app-developm
ent-services/page: /services/n
ative-app-development-services
	/services/progressive-web-app
-development/page: /services/p
rogressive-web-app-development
	/services/top-mobile-app-deve
lopment/page: /services/top-mo
bile-app-development
	/services/web-app-development
/page: 
/services/web-app-development
	/technologies/ai-automation-s
ervices/page: /technologies/ai
-automation-services
	/technologies/cross-platform-
app-development/page: /technol
ogies/cross-platform-app-devel
opment
	/technologies/flutter-app-dev
elopment/page: /technologies/f
lutter-app-development
	/technologies/react-native-ap
p-development/page: /technolog
ies/react-native-app-developme
nt
